Archive member included to satisfy reference by file (symbol)

c:/program files (x86)/gnu tools arm embedded/6 2017-q2-update/bin/../lib/gcc/arm-none-eabi/6.3.1/../../../../arm-none-eabi/lib/thumb/v7e-m\libstdc++_nano.a(new_op.o)
                              ./src/libstm32/logger.o (operator new(unsigned int))
c:/program files (x86)/gnu tools arm embedded/6 2017-q2-update/bin/../lib/gcc/arm-none-eabi/6.3.1/../../../../arm-none-eabi/lib/thumb/v7e-m\libstdc++_nano.a(new_handler.o)
                              c:/program files (x86)/gnu tools arm embedded/6 2017-q2-update/bin/../lib/gcc/arm-none-eabi/6.3.1/../../../../arm-none-eabi/lib/thumb/v7e-m\libstdc++_nano.a(new_op.o) (std::get_new_handler())
c:/program files (x86)/gnu tools arm embedded/6 2017-q2-update/bin/../lib/gcc/arm-none-eabi/6.3.1/../../../../arm-none-eabi/lib/thumb/v7e-m\libstdc++_nano.a(del_op.o)
                              ./src/libstm32/etl/src/random.o (operator delete(void*))
c:/program files (x86)/gnu tools arm embedded/6 2017-q2-update/bin/../lib/gcc/arm-none-eabi/6.3.1/../../../../arm-none-eabi/lib/thumb/v7e-m\libm.a(lib_a-w_pow.o)
                              ./src/libstm32/sensors/bmp280/bmp280.o (pow)
c:/program files (x86)/gnu tools arm embedded/6 2017-q2-update/bin/../lib/gcc/arm-none-eabi/6.3.1/../../../../arm-none-eabi/lib/thumb/v7e-m\libm.a(lib_a-e_pow.o)
                              c:/program files (x86)/gnu tools arm embedded/6 2017-q2-update/bin/../lib/gcc/arm-none-eabi/6.3.1/../../../../arm-none-eabi/lib/thumb/v7e-m\libm.a(lib_a-w_pow.o) (__ieee754_pow)
c:/program files (x86)/gnu tools arm embedded/6 2017-q2-update/bin/../lib/gcc/arm-none-eabi/6.3.1/../../../../arm-none-eabi/lib/thumb/v7e-m\libm.a(lib_a-e_sqrt.o)
                              c:/program files (x86)/gnu tools arm embedded/6 2017-q2-update/bin/../lib/gcc/arm-none-eabi/6.3.1/../../../../arm-none-eabi/lib/thumb/v7e-m\libm.a(lib_a-e_pow.o) (__ieee754_sqrt)
c:/program files (x86)/gnu tools arm embedded/6 2017-q2-update/bin/../lib/gcc/arm-none-eabi/6.3.1/../../../../arm-none-eabi/lib/thumb/v7e-m\libm.a(lib_a-s_fabs.o)
                              c:/program files (x86)/gnu tools arm embedded/6 2017-q2-update/bin/../lib/gcc/arm-none-eabi/6.3.1/../../../../arm-none-eabi/lib/thumb/v7e-m\libm.a(lib_a-e_pow.o) (fabs)
c:/program files (x86)/gnu tools arm embedded/6 2017-q2-update/bin/../lib/gcc/arm-none-eabi/6.3.1/../../../../arm-none-eabi/lib/thumb/v7e-m\libm.a(lib_a-s_finite.o)
                              c:/program files (x86)/gnu tools arm embedded/6 2017-q2-update/bin/../lib/gcc/arm-none-eabi/6.3.1/../../../../arm-none-eabi/lib/thumb/v7e-m\libm.a(lib_a-w_pow.o) (finite)
c:/program files (x86)/gnu tools arm embedded/6 2017-q2-update/bin/../lib/gcc/arm-none-eabi/6.3.1/../../../../arm-none-eabi/lib/thumb/v7e-m\libm.a(lib_a-s_lib_ver.o)
                              c:/program files (x86)/gnu tools arm embedded/6 2017-q2-update/bin/../lib/gcc/arm-none-eabi/6.3.1/../../../../arm-none-eabi/lib/thumb/v7e-m\libm.a(lib_a-w_pow.o) (__fdlib_version)
c:/program files (x86)/gnu tools arm embedded/6 2017-q2-update/bin/../lib/gcc/arm-none-eabi/6.3.1/../../../../arm-none-eabi/lib/thumb/v7e-m\libm.a(lib_a-s_matherr.o)
                              c:/program files (x86)/gnu tools arm embedded/6 2017-q2-update/bin/../lib/gcc/arm-none-eabi/6.3.1/../../../../arm-none-eabi/lib/thumb/v7e-m\libm.a(lib_a-w_pow.o) (matherr)
c:/program files (x86)/gnu tools arm embedded/6 2017-q2-update/bin/../lib/gcc/arm-none-eabi/6.3.1/../../../../arm-none-eabi/lib/thumb/v7e-m\libm.a(lib_a-s_nan.o)
                              c:/program files (x86)/gnu tools arm embedded/6 2017-q2-update/bin/../lib/gcc/arm-none-eabi/6.3.1/../../../../arm-none-eabi/lib/thumb/v7e-m\libm.a(lib_a-e_pow.o) (nan)
c:/program files (x86)/gnu tools arm embedded/6 2017-q2-update/bin/../lib/gcc/arm-none-eabi/6.3.1/../../../../arm-none-eabi/lib/thumb/v7e-m\libm.a(lib_a-s_rint.o)
                              c:/program files (x86)/gnu tools arm embedded/6 2017-q2-update/bin/../lib/gcc/arm-none-eabi/6.3.1/../../../../arm-none-eabi/lib/thumb/v7e-m\libm.a(lib_a-w_pow.o) (rint)
c:/program files (x86)/gnu tools arm embedded/6 2017-q2-update/bin/../lib/gcc/arm-none-eabi/6.3.1/../../../../arm-none-eabi/lib/thumb/v7e-m\libm.a(lib_a-s_scalbn.o)
                              c:/program files (x86)/gnu tools arm embedded/6 2017-q2-update/bin/../lib/gcc/arm-none-eabi/6.3.1/../../../../arm-none-eabi/lib/thumb/v7e-m\libm.a(lib_a-e_pow.o) (scalbn)
c:/program files (x86)/gnu tools arm embedded/6 2017-q2-update/bin/../lib/gcc/arm-none-eabi/6.3.1/../../../../arm-none-eabi/lib/thumb/v7e-m\libm.a(lib_a-s_copysign.o)
                              c:/program files (x86)/gnu tools arm embedded/6 2017-q2-update/bin/../lib/gcc/arm-none-eabi/6.3.1/../../../../arm-none-eabi/lib/thumb/v7e-m\libm.a(lib_a-s_scalbn.o) (copysign)
[...]
Memory Configuration

Name             Origin             Length             Attributes
RAM              0x20000000         0x00028000         xrw
CCMRAM           0x10000000         0x00008000         xrw
FLASH            0x08000000         0x00080000         xr
FLASHB1          0x00000000         0x00000000         xr
EXTMEMB0         0x00000000         0x00000000         xr
EXTMEMB1         0x00000000         0x00000000         xr
EXTMEMB2         0x00000000         0x00000000         xr
EXTMEMB3         0x00000000         0x00000000         xr
MEMORY_ARRAY     0x20002000         0x00000020         xrw
*default*        0x00000000         0xffffffff

Linker script and memory map

LOAD ./system/src/stm32l4xx/stm32l4xx_hal.o
LOAD ./system/src/stm32l4xx/stm32l4xx_hal_cortex.o
LOAD ./system/src/stm32l4xx/stm32l4xx_hal_dma.o
LOAD ./system/src/stm32l4xx/stm32l4xx_hal_flash.o
LOAD ./system/src/stm32l4xx/stm32l4xx_hal_flash_ex.o
LOAD ./system/src/stm32l4xx/stm32l4xx_hal_flash_ramfunc.o
LOAD ./system/src/stm32l4xx/stm32l4xx_hal_gpio.o
LOAD ./system/src/stm32l4xx/stm32l4xx_hal_i2c.o
LOAD ./system/src/stm32l4xx/stm32l4xx_hal_i2c_ex.o
LOAD ./system/src/stm32l4xx/stm32l4xx_hal_pcd.o
LOAD ./system/src/stm32l4xx/stm32l4xx_hal_pcd_ex.o
LOAD ./system/src/stm32l4xx/stm32l4xx_hal_pwr.o
LOAD ./system/src/stm32l4xx/stm32l4xx_hal_pwr_ex.o
LOAD ./system/src/stm32l4xx/stm32l4xx_hal_rcc.o
LOAD ./system/src/stm32l4xx/stm32l4xx_hal_rcc_ex.o
LOAD ./system/src/stm32l4xx/stm32l4xx_hal_spi.o
LOAD ./system/src/stm32l4xx/stm32l4xx_hal_spi_ex.o
LOAD ./system/src/stm32l4xx/stm32l4xx_hal_tim.o
LOAD ./system/src/stm32l4xx/stm32l4xx_hal_tim_ex.o
LOAD ./system/src/stm32l4xx/stm32l4xx_hal_tsc.o
LOAD ./system/src/stm32l4xx/stm32l4xx_hal_usart.o
LOAD ./system/src/stm32l4xx/stm32l4xx_ll_usb.o
LOAD ./system/src/newlib/_cxx.o
LOAD ./system/src/newlib/_exit.o
LOAD ./system/src/newlib/_sbrk.o
LOAD ./system/src/newlib/_startup.o
LOAD ./system/src/newlib/_syscalls.o
LOAD ./system/src/newlib/assert.o
LOAD ./system/src/diag/Trace.o
LOAD ./system/src/diag/trace_impl.o
LOAD ./system/src/cortexm/_initialize_hardware.o
LOAD ./system/src/cortexm/_reset_hardware.o
LOAD ./system/src/cortexm/exception_handlers.o
LOAD ./system/src/cmsis/startup_stm32l452xx.o
LOAD ./system/src/cmsis/system_stm32l4xx.o
LOAD ./src/libstm32/utility/bitarray.o
LOAD ./src/libstm32/utility/crc.o
LOAD ./src/libstm32/sensors/bmp280/bmp280.o
LOAD ./src/libstm32/leds/ws2812.o
LOAD ./src/libstm32/etl/src/private/pvoidvector.o
LOAD ./src/libstm32/etl/src/crc16.o
LOAD ./src/libstm32/etl/src/crc16_ccitt.o
LOAD ./src/libstm32/etl/src/crc16_kermit.o
LOAD ./src/libstm32/etl/src/crc32.o
LOAD ./src/libstm32/etl/src/crc64_ecma.o
LOAD ./src/libstm32/etl/src/crc8_ccitt.o
LOAD ./src/libstm32/etl/src/error_handler.o
LOAD ./src/libstm32/etl/src/pearson.o
LOAD ./src/libstm32/etl/src/random.o
LOAD ./src/libstm32/display/display_device.o
LOAD ./src/libstm32/display/fonts.o
LOAD ./src/libstm32/display/gui.o
LOAD ./src/libstm32/app/app.o
LOAD ./src/libstm32/app/state_base.o
LOAD ./src/libstm32/error_type.o
LOAD ./src/libstm32/logger.o
LOAD ./src/dma.o
LOAD ./src/gpio.o
LOAD ./src/i2c.o
LOAD ./src/main.o
LOAD ./src/spi.o
LOAD ./src/stm32l4xx_hal_msp.o
LOAD ./src/stm32l4xx_it.o
LOAD ./src/tsc.o
LOAD ./src/usart.o
LOAD ./src/usb_device.o
LOAD ./src/usbd_cdc_if.o
LOAD ./src/usbd_conf.o
LOAD ./src/usbd_desc.o
LOAD ./Middlewares/ST/STM32_USB_Device_Library/Core/Src/usbd_core.o
LOAD ./Middlewares/ST/STM32_USB_Device_Library/Core/Src/usbd_ctlreq.o
LOAD ./Middlewares/ST/STM32_USB_Device_Library/Core/Src/usbd_ioreq.o
LOAD ./Middlewares/ST/STM32_USB_Device_Library/Class/CDC/Src/usbd_cdc.o
LOAD c:/program files (x86)/gnu tools arm embedded/6 2017-q2-update/bin/../lib/gcc/arm-none-eabi/6.3.1/../../../../arm-none-eabi/lib/thumb/v7e-m\libstdc++_nano.a
LOAD c:/program files (x86)/gnu tools arm embedded/6 2017-q2-update/bin/../lib/gcc/arm-none-eabi/6.3.1/../../../../arm-none-eabi/lib/thumb/v7e-m\libm.a
START GROUP
LOAD c:/program files (x86)/gnu tools arm embedded/6 2017-q2-update/bin/../lib/gcc/arm-none-eabi/6.3.1/thumb/v7e-m\libgcc.a
LOAD c:/program files (x86)/gnu tools arm embedded/6 2017-q2-update/bin/../lib/gcc/arm-none-eabi/6.3.1/../../../../arm-none-eabi/lib/thumb/v7e-m\libg_nano.a
LOAD c:/program files (x86)/gnu tools arm embedded/6 2017-q2-update/bin/../lib/gcc/arm-none-eabi/6.3.1/../../../../arm-none-eabi/lib/thumb/v7e-m\libc_nano.a
END GROUP
START GROUP
LOAD c:/program files (x86)/gnu tools arm embedded/6 2017-q2-update/bin/../lib/gcc/arm-none-eabi/6.3.1/thumb/v7e-m\libgcc.a
LOAD c:/program files (x86)/gnu tools arm embedded/6 2017-q2-update/bin/../lib/gcc/arm-none-eabi/6.3.1/../../../../arm-none-eabi/lib/thumb/v7e-m\libc_nano.a
END GROUP
                0x20028000                __stack = (ORIGIN (RAM) + LENGTH (RAM))
                0x20028000                _estack = __stack
                0x00000400                __Main_Stack_Size = 0x400
                [!provide]                PROVIDE (_Main_Stack_Size, __Main_Stack_Size)
                0x20027c00                __Main_Stack_Limit = (__stack - __Main_Stack_Size)
                [!provide]                PROVIDE (_Main_Stack_Limit, __Main_Stack_Limit)
                0x00000100                _Minimum_Stack_Size = 0x100
                0x20000f54                PROVIDE (_Heap_Begin, _end_noinit)
                0x20027c00                PROVIDE (_Heap_Limit, (__stack - __Main_Stack_Size))

.isr_vector     0x08000000      0x3f0
 FILL mask 0xff
                0x08000000                __vectors_start = ABSOLUTE (.)
                0x08000000                __vectors_start__ = ABSOLUTE (.)
 *(.isr_vector)
 .isr_vector    0x08000000      0x194 ./system/src/cmsis/startup_stm32l452xx.o
                0x08000000                g_pfnVectors
 *(.cfmconfig)
 *(.after_vectors .after_vectors.*)
 .after_vectors
                0x08000194      0x130 ./system/src/newlib/_startup.o
                0x08000194                _start
 .after_vectors
                0x080002c4      0x12c ./system/src/cortexm/exception_handlers.o
                0x080002c4                Reset_Handler
                0x080002ca                NMI_Handler
                0x080002ce                HardFault_Handler
                0x080002e2                HardFault_Handler_C
                0x08000340                MemManage_Handler
                0x08000344                BusFault_Handler
                0x08000358                BusFault_Handler_C
                0x0800038c                UsageFault_Handler
                0x080003a0                UsageFault_Handler_C
                0x080003d4                SVC_Handler
                0x080003d8                DebugMon_Handler
                0x080003dc                PendSV_Handler

.inits          0x080003f0       0x34
                0x080003f0                __data_regions_array_start = .
                0x080003f0        0x4 LONG 0x8006714 LOADADDR (.data)
                0x080003f4        0x4 LONG 0x20000000 ADDR (.data)
                0x080003f8        0x4 LONG 0x200001dc (ADDR (.data) + SIZEOF (.data))
                0x080003fc        0x4 LONG 0x8006714 LOADADDR (.data_CCMRAM)
                0x08000400        0x4 LONG 0x10000000 ADDR (.data_CCMRAM)
                0x08000404        0x4 LONG 0x10000000 (ADDR (.data_CCMRAM) + SIZEOF (.data_CCMRAM))
                0x08000408                __data_regions_array_end = .
                0x08000408                __bss_regions_array_start = .
                0x08000408        0x4 LONG 0x200001dc ADDR (.bss)
                0x0800040c        0x4 LONG 0x20000f54 (ADDR (.bss) + SIZEOF (.bss))
                0x08000410        0x4 LONG 0x10000000 ADDR (.bss_CCMRAM)
                0x08000414        0x4 LONG 0x10000000 (ADDR (.bss_CCMRAM) + SIZEOF (.bss_CCMRAM))
                0x08000418                __bss_regions_array_end = .
 *(.init)
 *(.fini)
                0x08000418                . = ALIGN (0x4)
                0x08000418                PROVIDE (__preinit_array_start, .)
 *(.preinit_array_sysinit .preinit_array_sysinit.*)
 *(.preinit_array_platform .preinit_array_platform.*)
 *(.preinit_array .preinit_array.*)
                0x08000418                PROVIDE (__preinit_array_end, .)
                0x08000418                . = ALIGN (0x4)
                0x08000418                PROVIDE (__init_array_start, .)
 *(SORT(.init_array.*))
 *(.init_array)
 .init_array    0x08000418        0x4 ./src/libstm32/leds/ws2812.o
 .init_array    0x0800041c        0x4 ./src/libstm32/display/display_device.o
                0x08000420                PROVIDE (__init_array_end, .)
                0x08000420                . = ALIGN (0x4)
                0x08000420                PROVIDE (__fini_array_start, .)
 *(SORT(.fini_array.*))
 *(.fini_array)
 .fini_array    0x08000420        0x4 ./src/libstm32/leds/ws2812.o
                0x08000424                PROVIDE (__fini_array_end, .)

.flashtext
 *(.flashtext .flashtext.*)

.text           0x08000430     0x62e3
 *(.text .text.*)
 .text.HAL_InitTick
                0x08000430       0x2c ./system/src/stm32l4xx/stm32l4xx_hal.o
                0x08000430                HAL_InitTick
 .text.HAL_Init
                0x0800045c       0x24 ./system/src/stm32l4xx/stm32l4xx_hal.o
                0x0800045c                HAL_Init
 .text.HAL_IncTick
                0x08000480       0x10 ./system/src/stm32l4xx/stm32l4xx_hal.o
                0x08000480                HAL_IncTick
 .text.HAL_GetTick
                0x08000490        0xc ./system/src/stm32l4xx/stm32l4xx_hal.o
                0x08000490                HAL_GetTick
 .text.HAL_NVIC_SetPriorityGrouping
                0x0800049c       0x3c ./system/src/stm32l4xx/stm32l4xx_hal_cortex.o
                0x0800049c                HAL_NVIC_SetPriorityGrouping
 .text.HAL_NVIC_SetPriority
                0x080004d8       0x88 ./system/src/stm32l4xx/stm32l4xx_hal_cortex.o
                0x080004d8                HAL_NVIC_SetPriority
 .text.HAL_NVIC_EnableIRQ
                0x08000560       0x2c ./system/src/stm32l4xx/stm32l4xx_hal_cortex.o
                0x08000560                HAL_NVIC_EnableIRQ
 .text.HAL_SYSTICK_Config
                0x0800058c       0x2c ./system/src/stm32l4xx/stm32l4xx_hal_cortex.o
                0x0800058c                HAL_SYSTICK_Config
 .text.HAL_SYSTICK_CLKSourceConfig
                0x080005b8       0x3c ./system/src/stm32l4xx/stm32l4xx_hal_cortex.o
                0x080005b8                HAL_SYSTICK_CLKSourceConfig
 .text.HAL_SYSTICK_Callback
                0x080005f4        0x2 ./system/src/stm32l4xx/stm32l4xx_hal_cortex.o
                0x080005f4                HAL_SYSTICK_Callback
 .text.HAL_SYSTICK_IRQHandler
                0x080005f6        0x8 ./system/src/stm32l4xx/stm32l4xx_hal_cortex.o
                0x080005f6                HAL_SYSTICK_IRQHandler
 *fill*         0x080005fe        0x2 
 .text.HAL_DMA_Init
                0x08000600      0x210 ./system/src/stm32l4xx/stm32l4xx_hal_dma.o
                0x08000600                HAL_DMA_Init
 .text.HAL_DMA_IRQHandler
                0x08000810       0xb2 ./system/src/stm32l4xx/stm32l4xx_hal_dma.o
                0x08000810                HAL_DMA_IRQHandler
 *fill*         0x080008c2        0x2 
 .text.HAL_GPIO_Init
                0x080008c4      0x2bc ./system/src/stm32l4xx/stm32l4xx_hal_gpio.o
                0x080008c4                HAL_GPIO_Init
 .text.HAL_GPIO_WritePin
                0x08000b80       0x34 ./system/src/stm32l4xx/stm32l4xx_hal_gpio.o
                0x08000b80                HAL_GPIO_WritePin
 .text.HAL_I2C_Init
                0x08000bb4      0x178 ./system/src/stm32l4xx/stm32l4xx_hal_i2c.o
                0x08000bb4                HAL_I2C_Init
 .text.HAL_I2CEx_ConfigAnalogFilter
                0x08000d2c       0xa0 ./system/src/stm32l4xx/stm32l4xx_hal_i2c_ex.o
                0x08000d2c                HAL_I2CEx_ConfigAnalogFilter
 .text.HAL_I2CEx_ConfigDigitalFilter
                0x08000dcc       0x9c ./system/src/stm32l4xx/stm32l4xx_hal_i2c_ex.o
                0x08000dcc                HAL_I2CEx_ConfigDigitalFilter
 .text.HAL_I2CEx_EnableFastModePlus
                0x08000e68       0x4c ./system/src/stm32l4xx/stm32l4xx_hal_i2c_ex.o
                0x08000e68                HAL_I2CEx_EnableFastModePlus
 .text.HAL_PCD_Init
                0x08000eb4      0x11c ./system/src/stm32l4xx/stm32l4xx_hal_pcd.o
                0x08000eb4                HAL_PCD_Init
 .text.HAL_PCD_Start
                0x08000fd0       0x2a ./system/src/stm32l4xx/stm32l4xx_hal_pcd.o
                0x08000fd0                HAL_PCD_Start
 .text.HAL_PCD_SetAddress
                0x08000ffa       0x28 ./system/src/stm32l4xx/stm32l4xx_hal_pcd.o
                0x08000ffa                HAL_PCD_SetAddress
 .text.HAL_PCD_EP_Open
                0x08001022       0x56 ./system/src/stm32l4xx/stm32l4xx_hal_pcd.o
                0x08001022                HAL_PCD_EP_Open
 .text.HAL_PCD_EP_Close
                0x08001078       0x52 ./system/src/stm32l4xx/stm32l4xx_hal_pcd.o
                0x08001078                HAL_PCD_EP_Close
 .text.HAL_PCD_EP_Receive
                0x080010ca       0x44 ./system/src/stm32l4xx/stm32l4xx_hal_pcd.o
                0x080010ca                HAL_PCD_EP_Receive
 .text.HAL_PCD_EP_GetRxCount
                0x0800110e        0xe ./system/src/stm32l4xx/stm32l4xx_hal_pcd.o
                0x0800110e                HAL_PCD_EP_GetRxCount
 .text.HAL_PCD_EP_Transmit
                0x0800111c       0x42 ./system/src/stm32l4xx/stm32l4xx_hal_pcd.o
                0x0800111c                HAL_PCD_EP_Transmit
 .text.PCD_EP_ISR_Handler
                0x0800115e      0x442 ./system/src/stm32l4xx/stm32l4xx_hal_pcd.o
 .text.HAL_PCD_IRQHandler
                0x080015a0      0x216 ./system/src/stm32l4xx/stm32l4xx_hal_pcd.o
                0x080015a0                HAL_PCD_IRQHandler
 .text.HAL_PCD_EP_SetStall
                0x080017b6       0x62 ./system/src/stm32l4xx/stm32l4xx_hal_pcd.o
                0x080017b6                HAL_PCD_EP_SetStall
 .text.HAL_PCD_EP_ClrStall
                0x08001818       0x52 ./system/src/stm32l4xx/stm32l4xx_hal_pcd.o
                0x08001818                HAL_PCD_EP_ClrStall
 .text.HAL_PCDEx_PMAConfig
                0x0800186a       0x34 ./system/src/stm32l4xx/stm32l4xx_hal_pcd_ex.o
                0x0800186a                HAL_PCDEx_PMAConfig
 .text.HAL_PCDEx_ActivateBCD
                0x0800189e       0x28 ./system/src/stm32l4xx/stm32l4xx_hal_pcd_ex.o
                0x0800189e                HAL_PCDEx_ActivateBCD
 .text.HAL_PCDEx_ActivateLPM
                0x080018c6       0x2c ./system/src/stm32l4xx/stm32l4xx_hal_pcd_ex.o
                0x080018c6                HAL_PCDEx_ActivateLPM
 *fill*         0x080018f2        0x2 
 .text.HAL_PWREx_GetVoltageRange
                0x080018f4       0x10 ./system/src/stm32l4xx/stm32l4xx_hal_pwr_ex.o
                0x080018f4                HAL_PWREx_GetVoltageRange
 .text.HAL_PWREx_ControlVoltageScaling
                0x08001904       0xac ./system/src/stm32l4xx/stm32l4xx_hal_pwr_ex.o
                0x08001904                HAL_PWREx_ControlVoltageScaling
 .text.HAL_PWREx_EnableVddUSB
                0x080019b0       0x10 ./system/src/stm32l4xx/stm32l4xx_hal_pwr_ex.o
                0x080019b0                HAL_PWREx_EnableVddUSB
 .text.RCC_SetFlashLatencyFromMSIRange
                0x080019c0       0x90 ./system/src/stm32l4xx/stm32l4xx_hal_rcc.o
 .text.HAL_RCC_GetSysClockFreq
                0x08001a50      0x100 ./system/src/stm32l4xx/stm32l4xx_hal_rcc.o
                0x08001a50                HAL_RCC_GetSysClockFreq
 .text.HAL_RCC_OscConfig
                0x08001b50      0x780 ./system/src/stm32l4xx/stm32l4xx_hal_rcc.o
                0x08001b50                HAL_RCC_OscConfig
 .text.HAL_RCC_ClockConfig
                0x080022d0      0x270 ./system/src/stm32l4xx/stm32l4xx_hal_rcc.o
                0x080022d0                HAL_RCC_ClockConfig
 .text.HAL_RCC_GetHCLKFreq
                0x08002540        0xc ./system/src/stm32l4xx/stm32l4xx_hal_rcc.o
                0x08002540                HAL_RCC_GetHCLKFreq
 .text.HAL_RCC_GetPCLK1Freq
                0x0800254c       0x20 ./system/src/stm32l4xx/stm32l4xx_hal_rcc.o
                0x0800254c                HAL_RCC_GetPCLK1Freq
 .text.HAL_RCC_GetPCLK2Freq
                0x0800256c       0x20 ./system/src/stm32l4xx/stm32l4xx_hal_rcc.o
                0x0800256c                HAL_RCC_GetPCLK2Freq
 .text.RCCEx_PLLSAI1_Config
                0x0800258c      0x228 ./system/src/stm32l4xx/stm32l4xx_hal_rcc_ex.o
 .text.HAL_RCCEx_PeriphCLKConfig
                0x080027b4      0x5c0 ./system/src/stm32l4xx/stm32l4xx_hal_rcc_ex.o
                0x080027b4                HAL_RCCEx_PeriphCLKConfig
 .text.HAL_SPI_Init
                0x08002d74      0x20c ./system/src/stm32l4xx/stm32l4xx_hal_spi.o
                0x08002d74                HAL_SPI_Init
 .text.TSC_extract_groups
                0x08002f80       0x26 ./system/src/stm32l4xx/stm32l4xx_hal_tsc.o
 *fill*         0x08002fa6        0x2 
 .text.HAL_TSC_Init
                0x08002fa8      0x258 ./system/src/stm32l4xx/stm32l4xx_hal_tsc.o
                0x08002fa8                HAL_TSC_Init
 .text.USART_SetConfig
                0x08003200      0x244 ./system/src/stm32l4xx/stm32l4xx_hal_usart.o
 .text.USART_WaitOnFlagUntilTimeout
                0x08003444       0x60 ./system/src/stm32l4xx/stm32l4xx_hal_usart.o
 .text.USART_CheckIdleState
                0x080034a4       0x6c ./system/src/stm32l4xx/stm32l4xx_hal_usart.o
 .text.HAL_USART_Init
                0x08003510       0x88 ./system/src/stm32l4xx/stm32l4xx_hal_usart.o
                0x08003510                HAL_USART_Init
 .text.USB_CoreInit
                0x08003598        0xe ./system/src/stm32l4xx/stm32l4xx_ll_usb.o
                0x08003598                USB_CoreInit
 .text.USB_EnableGlobalInt
                0x080035a6       0x12 ./system/src/stm32l4xx/stm32l4xx_ll_usb.o
                0x080035a6                USB_EnableGlobalInt
 .text.USB_DisableGlobalInt
                0x080035b8       0x14 ./system/src/stm32l4xx/stm32l4xx_ll_usb.o
                0x080035b8                USB_DisableGlobalInt
 .text.USB_SetCurrentMode
                0x080035cc        0x4 ./system/src/stm32l4xx/stm32l4xx_ll_usb.o
                0x080035cc                USB_SetCurrentMode
 .text.USB_DevInit
                0x080035d0       0x26 ./system/src/stm32l4xx/stm32l4xx_ll_usb.o
                0x080035d0                USB_DevInit
 .text.USB_ActivateEndpoint
                0x080035f6      0x340 ./system/src/stm32l4xx/stm32l4xx_ll_usb.o
                0x080035f6                USB_ActivateEndpoint
 .text.USB_DeactivateEndpoint
                0x08003936      0x1d4 ./system/src/stm32l4xx/stm32l4xx_ll_usb.o
                0x08003936                USB_DeactivateEndpoint
 .text.USB_EPSetStall
                0x08003b0a       0x6e ./system/src/stm32l4xx/stm32l4xx_ll_usb.o
                0x08003b0a                USB_EPSetStall
 .text.USB_EPClearStall
                0x08003b78       0x96 ./system/src/stm32l4xx/stm32l4xx_ll_usb.o
                0x08003b78                USB_EPClearStall
 .text.USB_SetDevAddress
                0x08003c0e        0xc ./system/src/stm32l4xx/stm32l4xx_ll_usb.o
                0x08003c0e                USB_SetDevAddress
 *fill*         0x08003c1a        0x2 
 .text.USB_DevConnect
                0x08003c1c       0x1c ./system/src/stm32l4xx/stm32l4xx_ll_usb.o
                0x08003c1c                USB_DevConnect
 .text.USB_DevDisconnect
                0x08003c38       0x18 ./system/src/stm32l4xx/stm32l4xx_ll_usb.o
                0x08003c38                USB_DevDisconnect
 .text.USB_ReadInterrupts
                0x08003c50        0x8 ./system/src/stm32l4xx/stm32l4xx_ll_usb.o
                0x08003c50                USB_ReadInterrupts
 .text.USB_EP0_OutStart
                0x08003c58        0x4 ./system/src/stm32l4xx/stm32l4xx_ll_usb.o
                0x08003c58                USB_EP0_OutStart
 .text.USB_WritePMA
                0x08003c5c       0x28 ./system/src/stm32l4xx/stm32l4xx_ll_usb.o
                0x08003c5c                USB_WritePMA
 .text.USB_EPStartXfer
                0x08003c84      0x23c ./system/src/stm32l4xx/stm32l4xx_ll_usb.o
                0x08003c84                USB_EPStartXfer
 .text.USB_ReadPMA
                0x08003ec0       0x1c ./system/src/stm32l4xx/stm32l4xx_ll_usb.o
                0x08003ec0                USB_ReadPMA
 .text._exit    0x08003edc        0x2 ./system/src/newlib/_exit.o
                0x08003edc                _exit
 *fill*         0x08003ede        0x2 
 .text._sbrk    0x08003ee0       0x44 ./system/src/newlib/_sbrk.o
                0x08003ee0                _sbrk
 .text.__initialize_args
                0x08003f24       0x10 ./system/src/newlib/_syscalls.o
                0x08003f24                __initialize_args
 .text.trace_printf
                0x08003f34       0x30 ./system/src/diag/Trace.o
                0x08003f34                trace_printf
 .text._trace_write_semihosting_debug
                0x08003f64       0x60 ./system/src/diag/trace_impl.o
 .text.trace_write
                0x08003fc4        0x8 ./system/src/diag/trace_impl.o
                0x08003fc4                trace_write
 .text.__initialize_hardware_early
                0x08003fcc       0x18 ./system/src/cortexm/_initialize_hardware.o
                0x08003fcc                __initialize_hardware_early
 .text.__initialize_hardware
                0x08003fe4        0x8 ./system/src/cortexm/_initialize_hardware.o
                0x08003fe4                __initialize_hardware
 .text.dumpExceptionStack
                0x08003fec       0xf4 ./system/src/cortexm/exception_handlers.o
                0x08003fec                dumpExceptionStack
 .text.isSemihosting
                0x080040e0       0x20 ./system/src/cortexm/exception_handlers.o
                0x080040e0                isSemihosting
 .text.Default_Handler
                0x08004100        0x2 ./system/src/cmsis/startup_stm32l452xx.o
                0x08004100                RTC_Alarm_IRQHandler
                0x08004100                EXTI2_IRQHandler
                0x08004100                TIM1_CC_IRQHandler
                0x08004100                TSC_IRQHandler
                0x08004100                TAMP_STAMP_IRQHandler
                0x08004100                EXTI3_IRQHandler
                0x08004100                LPTIM2_IRQHandler
                0x08004100                DFSDM1_FLT1_IRQHandler
                0x08004100                I2C3_ER_IRQHandler
                0x08004100                EXTI0_IRQHandler
                0x08004100                I2C2_EV_IRQHandler
                0x08004100                CAN1_RX0_IRQHandler
                0x08004100                FPU_IRQHandler
                0x08004100                TIM1_UP_TIM16_IRQHandler
                0x08004100                SPI1_IRQHandler
                0x08004100                TIM6_DAC_IRQHandler
                0x08004100                DMA2_Channel2_IRQHandler
                0x08004100                DMA1_Channel4_IRQHandler
                0x08004100                ADC1_IRQHandler
                0x08004100                USART3_IRQHandler
                0x08004100                CAN1_RX1_IRQHandler
                0x08004100                DMA2_Channel1_IRQHandler
                0x08004100                QUADSPI_IRQHandler
                0x08004100                I2C1_EV_IRQHandler
                0x08004100                UART4_IRQHandler
                0x08004100                DMA2_Channel4_IRQHandler
                0x08004100                TIM3_IRQHandler
                0x08004100                RCC_IRQHandler
                0x08004100                TIM1_TRG_COM_IRQHandler
                0x08004100                DMA1_Channel1_IRQHandler
                0x08004100                Default_Handler
                0x08004100                DMA2_Channel7_IRQHandler
                0x08004100                EXTI15_10_IRQHandler
                0x08004100                SDMMC1_IRQHandler
                0x08004100                I2C3_EV_IRQHandler
                0x08004100                EXTI9_5_IRQHandler
                0x08004100                RTC_WKUP_IRQHandler
                0x08004100                PVD_PVM_IRQHandler
                0x08004100                SPI2_IRQHandler
                0x08004100                CAN1_TX_IRQHandler
                0x08004100                DMA2_Channel5_IRQHandler
                0x08004100                CRS_IRQHandler
                0x08004100                DMA1_Channel5_IRQHandler
                0x08004100                EXTI4_IRQHandler
                0x08004100                RNG_IRQHandler
                0x08004100                DMA1_Channel3_IRQHandler
                0x08004100                COMP_IRQHandler
                0x08004100                WWDG_IRQHandler
                0x08004100                I2C4_EV_IRQHandler
                0x08004100                LPUART1_IRQHandler
                0x08004100                DMA2_Channel6_IRQHandler
                0x08004100                TIM2_IRQHandler
                0x08004100                EXTI1_IRQHandler
                0x08004100                USART2_IRQHandler
                0x08004100                DFSDM1_FLT0_IRQHandler
                0x08004100                I2C2_ER_IRQHandler
                0x08004100                DMA1_Channel2_IRQHandler
                0x08004100                CAN1_SCE_IRQHandler
                0x08004100                FLASH_IRQHandler
                0x08004100                USART1_IRQHandler
                0x08004100                SPI3_IRQHandler
                0x08004100                I2C1_ER_IRQHandler
                0x08004100                LPTIM1_IRQHandler
                0x08004100                I2C4_ER_IRQHandler
                0x08004100                SAI1_IRQHandler
                0x08004100                DMA2_Channel3_IRQHandler
                0x08004100                TIM1_BRK_TIM15_IRQHandler
 *fill*         0x08004102        0x2 
 .text.SystemInit
                0x08004104       0x3c ./system/src/cmsis/system_stm32l4xx.o
                0x08004104                SystemInit
 .text.SystemCoreClockUpdate
                0x08004140       0xd8 ./system/src/cmsis/system_stm32l4xx.o
                0x08004140                SystemCoreClockUpdate
 .text._ZN7cmdc0de3RGBC2Ehhh
                0x08004218        0xc ./src/libstm32/leds/ws2812.o
                0x08004218                cmdc0de::RGB::RGB(unsigned char, unsigned char, unsigned char)
                0x08004218                cmdc0de::RGB::RGB(unsigned char, unsigned char, unsigned char)
 .text._Z41__static_initialization_and_destruction_0ii
                0x08004224       0x64 ./src/libstm32/leds/ws2812.o
 .text._GLOBAL__sub_I__ZN7cmdc0de3RGB5WHITEE
                0x08004288        0xe ./src/libstm32/leds/ws2812.o
 .text._GLOBAL__sub_D__ZN7cmdc0de3RGB5WHITEE
                0x08004296        0xe ./src/libstm32/leds/ws2812.o
 .text._Z41__static_initialization_and_destruction_0ii
                0x080042a4       0x50 ./src/libstm32/display/display_device.o
 .text._GLOBAL__sub_I__ZN7cmdc0de8RGBColor5BLACKE
                0x080042f4        0xe ./src/libstm32/display/display_device.o
 *fill*         0x08004302        0x2 
 .text.MX_DMA_Init
                0x08004304       0x44 ./src/dma.o
                0x08004304                MX_DMA_Init
 .text.MX_GPIO_Init
                0x08004348      0x18c ./src/gpio.o
                0x08004348                MX_GPIO_Init
 .text.MX_I2C1_Init
                0x080044d4       0x70 ./src/i2c.o
                0x080044d4                MX_I2C1_Init
 .text.HAL_I2C_MspInit
                0x08004544       0xd4 ./src/i2c.o
                0x08004544                HAL_I2C_MspInit
 .text._Error_Handler
                0x08004618        0x2 ./src/main.o
                0x08004618                _Error_Handler
 *fill*         0x0800461a        0x2 
 .text.SystemClock_Config
                0x0800461c       0xdc ./src/main.o
                0x0800461c                SystemClock_Config
 .text.main     0x080046f8       0x2c ./src/main.o
                0x080046f8                main
 .text.assert_failed
                0x08004724        0x2 ./src/main.o
                0x08004724                assert_failed
 *fill*         0x08004726        0x2 
 .text.MX_SPI1_Init
                0x08004728       0x58 ./src/spi.o
                0x08004728                MX_SPI1_Init
 .text.MX_SPI2_Init
                0x08004780       0x54 ./src/spi.o
                0x08004780                MX_SPI2_Init
 .text.HAL_SPI_MspInit
                0x080047d4       0xa8 ./src/spi.o
                0x080047d4                HAL_SPI_MspInit
 .text.HAL_MspInit
                0x0800487c       0x90 ./src/stm32l4xx_hal_msp.o
                0x0800487c                HAL_MspInit
 .text.SysTick_Handler
                0x0800490c        0xc ./src/stm32l4xx_it.o
                0x0800490c                SysTick_Handler
 .text.DMA1_Channel6_IRQHandler
                0x08004918       0x10 ./src/stm32l4xx_it.o
                0x08004918                DMA1_Channel6_IRQHandler
 .text.DMA1_Channel7_IRQHandler
                0x08004928       0x10 ./src/stm32l4xx_it.o
                0x08004928                DMA1_Channel7_IRQHandler
 .text.USB_IRQHandler
                0x08004938       0x10 ./src/stm32l4xx_it.o
                0x08004938                USB_IRQHandler
 .text.MX_TSC_Init
                0x08004948       0x54 ./src/tsc.o
                0x08004948                MX_TSC_Init
 .text.HAL_TSC_MspInit
                0x0800499c       0x68 ./src/tsc.o
                0x0800499c                HAL_TSC_MspInit
 .text.MX_USART1_Init
                0x08004a04       0x40 ./src/usart.o
                0x08004a04                MX_USART1_Init
 .text.HAL_USART_MspInit
                0x08004a44       0x64 ./src/usart.o
                0x08004a44                HAL_USART_MspInit
 .text.MX_USB_DEVICE_Init
                0x08004aa8       0x40 ./src/usb_device.o
                0x08004aa8                MX_USB_DEVICE_Init
 .text.CDC_DeInit_FS
                0x08004ae8        0x4 ./src/usbd_cdc_if.o
 .text.CDC_Control_FS
                0x08004aec        0x4 ./src/usbd_cdc_if.o
 .text.CDC_Receive_FS
                0x08004af0       0x1c ./src/usbd_cdc_if.o
 .text.CDC_Init_FS
                0x08004b0c       0x28 ./src/usbd_cdc_if.o
 .text.SystemClockConfig_Resume
                0x08004b34        0x8 ./src/usbd_conf.o
 .text.HAL_PCD_MspInit
                0x08004b3c       0x60 ./src/usbd_conf.o
                0x08004b3c                HAL_PCD_MspInit
 .text.HAL_PCD_SetupStageCallback
                0x08004b9c       0x10 ./src/usbd_conf.o
                0x08004b9c                HAL_PCD_SetupStageCallback
 .text.HAL_PCD_DataOutStageCallback
                0x08004bac       0x14 ./src/usbd_conf.o
                0x08004bac                HAL_PCD_DataOutStageCallback
 .text.HAL_PCD_DataInStageCallback
                0x08004bc0       0x12 ./src/usbd_conf.o
                0x08004bc0                HAL_PCD_DataInStageCallback
 .text.HAL_PCD_SOFCallback
                0x08004bd2        0xc ./src/usbd_conf.o
                0x08004bd2                HAL_PCD_SOFCallback
 .text.HAL_PCD_ResetCallback
                0x08004bde       0x18 ./src/usbd_conf.o
                0x08004bde                HAL_PCD_ResetCallback
 *fill*         0x08004bf6        0x2 
 .text.HAL_PCD_SuspendCallback
                0x08004bf8       0x20 ./src/usbd_conf.o
                0x08004bf8                HAL_PCD_SuspendCallback
 .text.HAL_PCD_ResumeCallback
                0x08004c18       0x28 ./src/usbd_conf.o
                0x08004c18                HAL_PCD_ResumeCallback
 .text.USBD_LL_Init
                0x08004c40       0x98 ./src/usbd_conf.o
                0x08004c40                USBD_LL_Init
 .text.USBD_LL_Start
                0x08004cd8       0x1c ./src/usbd_conf.o
                0x08004cd8                USBD_LL_Start
 .text.USBD_LL_OpenEP
                0x08004cf4       0x22 ./src/usbd_conf.o
                0x08004cf4                USBD_LL_OpenEP
 .text.USBD_LL_CloseEP
                0x08004d16       0x1c ./src/usbd_conf.o
                0x08004d16                USBD_LL_CloseEP
 .text.USBD_LL_StallEP
                0x08004d32       0x1c ./src/usbd_conf.o
                0x08004d32                USBD_LL_StallEP
 .text.USBD_LL_ClearStallEP
                0x08004d4e       0x1c ./src/usbd_conf.o
                0x08004d4e                USBD_LL_ClearStallEP
 .text.USBD_LL_IsStallEP
                0x08004d6a       0x26 ./src/usbd_conf.o
                0x08004d6a                USBD_LL_IsStallEP
 .text.USBD_LL_SetUSBAddress
                0x08004d90       0x1c ./src/usbd_conf.o
                0x08004d90                USBD_LL_SetUSBAddress
 .text.USBD_LL_Transmit
                0x08004dac       0x1c ./src/usbd_conf.o
                0x08004dac                USBD_LL_Transmit
 .text.USBD_LL_PrepareReceive
                0x08004dc8       0x1c ./src/usbd_conf.o
                0x08004dc8                USBD_LL_PrepareReceive
 .text.USBD_LL_GetRxDataSize
                0x08004de4        0xc ./src/usbd_conf.o
                0x08004de4                USBD_LL_GetRxDataSize
 .text.HAL_PCDEx_LPM_Callback
                0x08004df0       0x48 ./src/usbd_conf.o
                0x08004df0                HAL_PCDEx_LPM_Callback
 .text.USBD_static_malloc
                0x08004e38        0x8 ./src/usbd_conf.o
                0x08004e38                USBD_static_malloc
 .text.USBD_static_free
                0x08004e40        0x2 ./src/usbd_conf.o
                0x08004e40                USBD_static_free
 .text.USBD_LL_BatteryCharging
                0x08004e42       0x12 ./src/usbd_conf.o
                0x08004e42                USBD_LL_BatteryCharging
 .text.USBD_FS_DeviceDescriptor
                0x08004e54        0xc ./src/usbd_desc.o
                0x08004e54                USBD_FS_DeviceDescriptor
 .text.USBD_FS_LangIDStrDescriptor
                0x08004e60        0xc ./src/usbd_desc.o
                0x08004e60                USBD_FS_LangIDStrDescriptor
 .text.USBD_FS_USR_BOSDescriptor
                0x08004e6c        0xc ./src/usbd_desc.o
                0x08004e6c                USBD_FS_USR_BOSDescriptor
 .text.USBD_FS_ProductStrDescriptor
                0x08004e78       0x24 ./src/usbd_desc.o
                0x08004e78                USBD_FS_ProductStrDescriptor
 .text.USBD_FS_ManufacturerStrDescriptor
                0x08004e9c       0x1c ./src/usbd_desc.o
                0x08004e9c                USBD_FS_ManufacturerStrDescriptor
 .text.USBD_FS_SerialStrDescriptor
                0x08004eb8       0x24 ./src/usbd_desc.o
                0x08004eb8                USBD_FS_SerialStrDescriptor
 .text.USBD_FS_ConfigStrDescriptor
                0x08004edc       0x24 ./src/usbd_desc.o
                0x08004edc                USBD_FS_ConfigStrDescriptor
 .text.USBD_FS_InterfaceStrDescriptor
                0x08004f00       0x24 ./src/usbd_desc.o
                0x08004f00                USBD_FS_InterfaceStrDescriptor
 .text.USBD_Init
                0x08004f24       0x2e ./Middlewares/ST/STM32_USB_Device_Library/Core/Src/usbd_core.o
                0x08004f24                USBD_Init
 .text.USBD_RegisterClass
                0x08004f52        0xe ./Middlewares/ST/STM32_USB_Device_Library/Core/Src/usbd_core.o
                0x08004f52                USBD_RegisterClass
 .text.USBD_Start
                0x08004f60        0xa ./Middlewares/ST/STM32_USB_Device_Library/Core/Src/usbd_core.o
                0x08004f60                USBD_Start
 .text.USBD_SetClassConfig
                0x08004f6a       0x1a ./Middlewares/ST/STM32_USB_Device_Library/Core/Src/usbd_core.o
                0x08004f6a                USBD_SetClassConfig
 .text.USBD_ClrClassConfig
                0x08004f84        0xe ./Middlewares/ST/STM32_USB_Device_Library/Core/Src/usbd_core.o
                0x08004f84                USBD_ClrClassConfig
 .text.USBD_LL_SetupStage
                0x08004f92       0x5a ./Middlewares/ST/STM32_USB_Device_Library/Core/Src/usbd_core.o
                0x08004f92                USBD_LL_SetupStage
 .text.USBD_LL_DataOutStage
                0x08004fec       0x6a ./Middlewares/ST/STM32_USB_Device_Library/Core/Src/usbd_core.o
                0x08004fec                USBD_LL_DataOutStage
 .text.USBD_LL_DataInStage
                0x08005056       0xb2 ./Middlewares/ST/STM32_USB_Device_Library/Core/Src/usbd_core.o
                0x08005056                USBD_LL_DataInStage
 .text.USBD_LL_Reset
                0x08005108       0x3e ./Middlewares/ST/STM32_USB_Device_Library/Core/Src/usbd_core.o
                0x08005108                USBD_LL_Reset
 .text.USBD_LL_SetSpeed
                0x08005146        0x6 ./Middlewares/ST/STM32_USB_Device_Library/Core/Src/usbd_core.o
                0x08005146                USBD_LL_SetSpeed
 .text.USBD_LL_Suspend
                0x0800514c       0x12 ./Middlewares/ST/STM32_USB_Device_Library/Core/Src/usbd_core.o
                0x0800514c                USBD_LL_Suspend
 .text.USBD_LL_Resume
                0x0800515e        0xc ./Middlewares/ST/STM32_USB_Device_Library/Core/Src/usbd_core.o
                0x0800515e                USBD_LL_Resume
 .text.USBD_LL_SOF
                0x0800516a       0x1c ./Middlewares/ST/STM32_USB_Device_Library/Core/Src/usbd_core.o
                0x0800516a                USBD_LL_SOF
 .text.USBD_GetLen
                0x08005186       0x14 ./Middlewares/ST/STM32_USB_Device_Library/Core/Src/usbd_ctlreq.o
 .text.USBD_SetFeature
                0x0800519a       0x20 ./Middlewares/ST/STM32_USB_Device_Library/Core/Src/usbd_ctlreq.o
 .text.USBD_ParseSetupRequest
                0x080051ba       0x28 ./Middlewares/ST/STM32_USB_Device_Library/Core/Src/usbd_ctlreq.o
                0x080051ba                USBD_ParseSetupRequest
 .text.USBD_CtlError
                0x080051e2       0x14 ./Middlewares/ST/STM32_USB_Device_Library/Core/Src/usbd_ctlreq.o
                0x080051e2                USBD_CtlError
 .text.USBD_GetDescriptor
                0x080051f6      0x14a ./Middlewares/ST/STM32_USB_Device_Library/Core/Src/usbd_ctlreq.o
 .text.USBD_SetAddress
                0x08005340       0x4a ./Middlewares/ST/STM32_USB_Device_Library/Core/Src/usbd_ctlreq.o
 *fill*         0x0800538a        0x2 
 .text.USBD_SetConfig
                0x0800538c       0xa4 ./Middlewares/ST/STM32_USB_Device_Library/Core/Src/usbd_ctlreq.o
 .text.USBD_GetConfig
                0x08005430       0x3a ./Middlewares/ST/STM32_USB_Device_Library/Core/Src/usbd_ctlreq.o
 .text.USBD_GetStatus
                0x0800546a       0x2c ./Middlewares/ST/STM32_USB_Device_Library/Core/Src/usbd_ctlreq.o
 .text.USBD_ClrFeature
                0x08005496       0x32 ./Middlewares/ST/STM32_USB_Device_Library/Core/Src/usbd_ctlreq.o
 .text.USBD_StdDevReq
                0x080054c8       0x48 ./Middlewares/ST/STM32_USB_Device_Library/Core/Src/usbd_ctlreq.o
                0x080054c8                USBD_StdDevReq
 .text.USBD_StdItfReq
                0x08005510       0x38 ./Middlewares/ST/STM32_USB_Device_Library/Core/Src/usbd_ctlreq.o
                0x08005510                USBD_StdItfReq
 .text.USBD_StdEPReq
                0x08005548      0x118 ./Middlewares/ST/STM32_USB_Device_Library/Core/Src/usbd_ctlreq.o
                0x08005548                USBD_StdEPReq
 .text.USBD_GetString
                0x08005660       0x3a ./Middlewares/ST/STM32_USB_Device_Library/Core/Src/usbd_ctlreq.o
                0x08005660                USBD_GetString
 .text.USBD_CtlSendData
                0x0800569a       0x1a ./Middlewares/ST/STM32_USB_Device_Library/Core/Src/usbd_ioreq.o
                0x0800569a                USBD_CtlSendData
 .text.USBD_CtlContinueSendData
                0x080056b4       0x10 ./Middlewares/ST/STM32_USB_Device_Library/Core/Src/usbd_ioreq.o
                0x080056b4                USBD_CtlContinueSendData
 .text.USBD_CtlPrepareRx
                0x080056c4       0x1e ./Middlewares/ST/STM32_USB_Device_Library/Core/Src/usbd_ioreq.o
                0x080056c4                USBD_CtlPrepareRx
 .text.USBD_CtlContinueRx
                0x080056e2       0x10 ./Middlewares/ST/STM32_USB_Device_Library/Core/Src/usbd_ioreq.o
                0x080056e2                USBD_CtlContinueRx
 .text.USBD_CtlSendStatus
                0x080056f2       0x16 ./Middlewares/ST/STM32_USB_Device_Library/Core/Src/usbd_ioreq.o
                0x080056f2                USBD_CtlSendStatus
 .text.USBD_CtlReceiveStatus
                0x08005708       0x16 ./Middlewares/ST/STM32_USB_Device_Library/Core/Src/usbd_ioreq.o
                0x08005708                USBD_CtlReceiveStatus
 .text.USBD_CDC_DataIn
                0x0800571e       0x12 ./Middlewares/ST/STM32_USB_Device_Library/Class/CDC/Src/usbd_cdc.o
 .text.USBD_CDC_EP0_RxReady
                0x08005730       0x28 ./Middlewares/ST/STM32_USB_Device_Library/Class/CDC/Src/usbd_cdc.o
 .text.USBD_CDC_GetFSCfgDesc
                0x08005758        0xc ./Middlewares/ST/STM32_USB_Device_Library/Class/CDC/Src/usbd_cdc.o
 .text.USBD_CDC_GetHSCfgDesc
                0x08005764        0xc ./Middlewares/ST/STM32_USB_Device_Library/Class/CDC/Src/usbd_cdc.o
 .text.USBD_CDC_GetOtherSpeedCfgDesc
                0x08005770        0xc ./Middlewares/ST/STM32_USB_Device_Library/Class/CDC/Src/usbd_cdc.o
 .text.USBD_CDC_GetDeviceQualifierDescriptor
                0x0800577c        0xc ./Middlewares/ST/STM32_USB_Device_Library/Class/CDC/Src/usbd_cdc.o
                0x0800577c                USBD_CDC_GetDeviceQualifierDescriptor
 .text.USBD_CDC_DataOut
                0x08005788       0x2e ./Middlewares/ST/STM32_USB_Device_Library/Class/CDC/Src/usbd_cdc.o
 *fill*         0x080057b6        0x2 
 .text.USBD_CDC_Setup
                0x080057b8       0x74 ./Middlewares/ST/STM32_USB_Device_Library/Class/CDC/Src/usbd_cdc.o
 .text.USBD_CDC_DeInit
                0x0800582c       0x3a ./Middlewares/ST/STM32_USB_Device_Library/Class/CDC/Src/usbd_cdc.o
 .text.USBD_CDC_Init
                0x08005866       0x96 ./Middlewares/ST/STM32_USB_Device_Library/Class/CDC/Src/usbd_cdc.o
 .text.USBD_CDC_RegisterInterface
                0x080058fc        0xe ./Middlewares/ST/STM32_USB_Device_Library/Class/CDC/Src/usbd_cdc.o
                0x080058fc                USBD_CDC_RegisterInterface
 .text.USBD_CDC_SetTxBuffer
                0x0800590a       0x10 ./Middlewares/ST/STM32_USB_Device_Library/Class/CDC/Src/usbd_cdc.o
                0x0800590a                USBD_CDC_SetTxBuffer
 .text.USBD_CDC_SetRxBuffer
                0x0800591a        0xc ./Middlewares/ST/STM32_USB_Device_Library/Class/CDC/Src/usbd_cdc.o
                0x0800591a                USBD_CDC_SetRxBuffer
 .text.USBD_CDC_ReceivePacket
                0x08005926       0x32 ./Middlewares/ST/STM32_USB_Device_Library/Class/CDC/Src/usbd_cdc.o
                0x08005926                USBD_CDC_ReceivePacket
 .text.__errno  0x08005958        0xc c:/program files (x86)/gnu tools arm embedded/6 2017-q2-update/bin/../lib/gcc/arm-none-eabi/6.3.1/../../../../arm-none-eabi/lib/thumb/v7e-m\libg_nano.a(lib_a-errno.o)
                0x08005958                __errno
 .text.memcpy   0x08005964       0x16 c:/program files (x86)/gnu tools arm embedded/6 2017-q2-update/bin/../lib/gcc/arm-none-eabi/6.3.1/../../../../arm-none-eabi/lib/thumb/v7e-m\libg_nano.a(lib_a-memcpy-stub.o)
                0x08005964                memcpy
 *fill*         0x0800597a        0x2 
 .text._free_r  0x0800597c       0x9c c:/program files (x86)/gnu tools arm embedded/6 2017-q2-update/bin/../lib/gcc/arm-none-eabi/6.3.1/../../../../arm-none-eabi/lib/thumb/v7e-m\libg_nano.a(lib_a-nano-freer.o)
                0x0800597c                _free_r
 .text._malloc_r
                0x08005a18       0xbc c:/program files (x86)/gnu tools arm embedded/6 2017-q2-update/bin/../lib/gcc/arm-none-eabi/6.3.1/../../../../arm-none-eabi/lib/thumb/v7e-m\libg_nano.a(lib_a-nano-mallocr.o)
                0x08005a18                _malloc_r
 .text._sbrk_r  0x08005ad4       0x20 c:/program files (x86)/gnu tools arm embedded/6 2017-q2-update/bin/../lib/gcc/arm-none-eabi/6.3.1/../../../../arm-none-eabi/lib/thumb/v7e-m\libg_nano.a(lib_a-sbrkr.o)
                0x08005ad4                _sbrk_r
 .text._vsnprintf_r
                0x08005af4       0x58 c:/program files (x86)/gnu tools arm embedded/6 2017-q2-update/bin/../lib/gcc/arm-none-eabi/6.3.1/../../../../arm-none-eabi/lib/thumb/v7e-m\libg_nano.a(lib_a-vsnprintf.o)
                0x08005af4                _vsniprintf_r
                0x08005af4                _vsnprintf_r
 .text.vsnprintf
                0x08005b4c       0x1c c:/program files (x86)/gnu tools arm embedded/6 2017-q2-update/bin/../lib/gcc/arm-none-eabi/6.3.1/../../../../arm-none-eabi/lib/thumb/v7e-m\libg_nano.a(lib_a-vsnprintf.o)
                0x08005b4c                vsniprintf
                0x08005b4c                vsnprintf
 .text.__malloc_lock
                0x08005b68        0x2 c:/program files (x86)/gnu tools arm embedded/6 2017-q2-update/bin/../lib/gcc/arm-none-eabi/6.3.1/../../../../arm-none-eabi/lib/thumb/v7e-m\libg_nano.a(lib_a-mlock.o)
                0x08005b68                __malloc_lock
 .text.__malloc_unlock
                0x08005b6a        0x2 c:/program files (x86)/gnu tools arm embedded/6 2017-q2-update/bin/../lib/gcc/arm-none-eabi/6.3.1/../../../../arm-none-eabi/lib/thumb/v7e-m\libg_nano.a(lib_a-mlock.o)
                0x08005b6a                __malloc_unlock
 .text.__ssputs_r
                0x08005b6c       0xb6 c:/program files (x86)/gnu tools arm embedded/6 2017-q2-update/bin/../lib/gcc/arm-none-eabi/6.3.1/../../../../arm-none-eabi/lib/thumb/v7e-m\libg_nano.a(lib_a-nano-svfprintf.o)
                0x08005b6c                __ssputs_r
 *fill*         0x08005c22        0x2 
 .text._svfprintf_r
                0x08005c24      0x1e8 c:/program files (x86)/gnu tools arm embedded/6 2017-q2-update/bin/../lib/gcc/arm-none-eabi/6.3.1/../../../../arm-none-eabi/lib/thumb/v7e-m\libg_nano.a(lib_a-nano-svfprintf.o)
                0x08005c24                _svfiprintf_r
                0x08005c24                _svfprintf_r
 .text._printf_common
                0x08005e0c       0xec c:/program files (x86)/gnu tools arm embedded/6 2017-q2-update/bin/../lib/gcc/arm-none-eabi/6.3.1/../../../../arm-none-eabi/lib/thumb/v7e-m\libg_nano.a(lib_a-nano-vfprintf_i.o)
                0x08005e0c                _printf_common
 .text._printf_i
                0x08005ef8      0x240 c:/program files (x86)/gnu tools arm embedded/6 2017-q2-update/bin/../lib/gcc/arm-none-eabi/6.3.1/../../../../arm-none-eabi/lib/thumb/v7e-m\libg_nano.a(lib_a-nano-vfprintf_i.o)
                0x08005ef8                _printf_i
 *fill*         0x08006138        0x8 
 .text          0x08006140       0xa0 c:/program files (x86)/gnu tools arm embedded/6 2017-q2-update/bin/../lib/gcc/arm-none-eabi/6.3.1/../../../../arm-none-eabi/lib/thumb/v7e-m\libg_nano.a(lib_a-memchr.o)
                0x08006140                memchr
 .text.memmove  0x080061e0       0x34 c:/program files (x86)/gnu tools arm embedded/6 2017-q2-update/bin/../lib/gcc/arm-none-eabi/6.3.1/../../../../arm-none-eabi/lib/thumb/v7e-m\libg_nano.a(lib_a-memmove.o)
                0x080061e0                memmove
 .text._realloc_r
                0x08006214       0x4c c:/program files (x86)/gnu tools arm embedded/6 2017-q2-update/bin/../lib/gcc/arm-none-eabi/6.3.1/../../../../arm-none-eabi/lib/thumb/v7e-m\libg_nano.a(lib_a-nano-reallocr.o)
                0x08006214                _realloc_r
 .text._malloc_usable_size_r
                0x08006260       0x12 c:/program files (x86)/gnu tools arm embedded/6 2017-q2-update/bin/../lib/gcc/arm-none-eabi/6.3.1/../../../../arm-none-eabi/lib/thumb/v7e-m\libg_nano.a(lib_a-nano-msizer.o)
                0x08006260                _malloc_usable_size_r
 *(.rodata .rodata.* .constdata .constdata.*)
 *fill*         0x08006272        0x2 
 .rodata.HAL_NVIC_SetPriorityGrouping.str1.4
                0x08006274       0x2f ./system/src/stm32l4xx/stm32l4xx_hal_cortex.o
 *fill*         0x080062a3        0x1 
 .rodata.HAL_DMA_Init.str1.4
                0x080062a4       0x2c ./system/src/stm32l4xx/stm32l4xx_hal_dma.o
 .rodata.HAL_GPIO_Init.str1.4
                0x080062d0       0x2d ./system/src/stm32l4xx/stm32l4xx_hal_gpio.o
 *fill*         0x080062fd        0x3 
 .rodata.I2C_TransferConfig.str1.4
                0x08006300       0x2c ./system/src/stm32l4xx/stm32l4xx_hal_i2c.o
 .rodata.HAL_I2CEx_ConfigAnalogFilter.str1.4
                0x0800632c       0x2f ./system/src/stm32l4xx/stm32l4xx_hal_i2c_ex.o
 *fill*         0x0800635b        0x1 
 .rodata.HAL_PCD_Init.str1.4
                0x0800635c       0x2c ./system/src/stm32l4xx/stm32l4xx_hal_pcd.o
 .rodata.HAL_PWREx_ControlVoltageScaling.str1.4
                0x08006388       0x2f ./system/src/stm32l4xx/stm32l4xx_hal_pwr_ex.o
 *fill*         0x080063b7        0x1 
 .rodata.HAL_RCC_MCOConfig.str1.4
                0x080063b8       0x2c ./system/src/stm32l4xx/stm32l4xx_hal_rcc.o
 .rodata.RCCEx_PLLSAI1_Config.str1.4
                0x080063e4       0x2f ./system/src/stm32l4xx/stm32l4xx_hal_rcc_ex.o
 *fill*         0x08006413        0x1 
 .rodata.HAL_SPI_Init.str1.4
                0x08006414       0x2c ./system/src/stm32l4xx/stm32l4xx_hal_spi.o
 .rodata.HAL_TSC_Init.str1.4
                0x08006440       0x2c ./system/src/stm32l4xx/stm32l4xx_hal_tsc.o
 .rodata.USART_SetConfig.str1.4
                0x0800646c       0x2e ./system/src/stm32l4xx/stm32l4xx_hal_usart.o
 *fill*         0x0800649a        0x2 
 .rodata.dumpExceptionStack.str1.4
                0x0800649c      0x11a ./system/src/cortexm/exception_handlers.o
 *fill*         0x080065b6        0x2 
 .rodata.str1.4
                0x080065b8       0x2a ./system/src/cortexm/exception_handlers.o
 *fill*         0x080065e2        0x2 
 .rodata.AHBPrescTable
                0x080065e4       0x10 ./system/src/cmsis/system_stm32l4xx.o
                0x080065e4                AHBPrescTable
 .rodata.APBPrescTable
                0x080065f4        0x8 ./system/src/cmsis/system_stm32l4xx.o
                0x080065f4                APBPrescTable
 .rodata.MSIRangeTable
                0x080065fc       0x30 ./system/src/cmsis/system_stm32l4xx.o
                0x080065fc                MSIRangeTable
 .rodata.MX_I2C1_Init.str1.4
                0x0800662c        0xd ./src/i2c.o
 *fill*         0x08006639        0x3 
 .rodata.SystemClock_Config.str1.4
                0x0800663c        0xe ./src/main.o
 *fill*         0x0800664a        0x2 
 .rodata.MX_SPI1_Init.str1.4
                0x0800664c        0xd ./src/spi.o
 *fill*         0x08006659        0x3 
 .rodata.MX_TSC_Init.str1.4
                0x0800665c        0xd ./src/tsc.o
 *fill*         0x08006669        0x3 
 .rodata.MX_USART1_Init.str1.4
                0x0800666c        0xf ./src/usart.o
 *fill*         0x0800667b        0x1 
 .rodata.USBD_LL_Init.str1.4
                0x0800667c       0x13 ./src/usbd_conf.o
 *fill*         0x0800668f        0x1 
 .rodata.USBD_FS_ConfigStrDescriptor.str1.4
                0x08006690        0xb ./src/usbd_desc.o
 *fill*         0x0800669b        0x1 
 .rodata.USBD_FS_InterfaceStrDescriptor.str1.4
                0x0800669c        0xe ./src/usbd_desc.o
 *fill*         0x080066aa        0x2 
 .rodata.USBD_FS_ManufacturerStrDescriptor.str1.4
                0x080066ac        0xc ./src/usbd_desc.o
 .rodata.USBD_FS_ProductStrDescriptor.str1.4
                0x080066b8       0x18 ./src/usbd_desc.o
 .rodata.USBD_FS_SerialStrDescriptor.str1.4
                0x080066d0       0x10 ./src/usbd_desc.o
                                  0xd (size before relaxing)
 .rodata._svfprintf_r.str1.1
                0x080066e0       0x11 c:/program files (x86)/gnu tools arm embedded/6 2017-q2-update/bin/../lib/gcc/arm-none-eabi/6.3.1/../../../../arm-none-eabi/lib/thumb/v7e-m\libg_nano.a(lib_a-nano-svfprintf.o)
 .rodata._printf_i.str1.1
                0x080066f1       0x22 c:/program files (x86)/gnu tools arm embedded/6 2017-q2-update/bin/../lib/gcc/arm-none-eabi/6.3.1/../../../../arm-none-eabi/lib/thumb/v7e-m\libg_nano.a(lib_a-nano-vfprintf_i.o)
 *(vtable)
 *(.eh_frame*)
 *(.glue_7)
 .glue_7        0x08006713        0x0 linker stubs
 *(.glue_7t)
 .glue_7t       0x08006713        0x0 linker stubs

.vfp11_veneer   0x08006714        0x0
 .vfp11_veneer  0x08006714        0x0 linker stubs

.v4_bx          0x08006714        0x0
 .v4_bx         0x08006714        0x0 linker stubs

.iplt           0x08006714        0x0
 .iplt          0x08006714        0x0 ./system/src/stm32l4xx/stm32l4xx_hal.o

.rel.dyn        0x08006714        0x0
 .rel.iplt      0x08006714        0x0 ./system/src/stm32l4xx/stm32l4xx_hal.o

.ARM.extab
 *(.ARM.extab* .gnu.linkonce.armextab.*)
                0x08006714                . = ALIGN (0x4)
                0x08006714                __exidx_start = .

.ARM.exidx
 *(.ARM.exidx* .gnu.linkonce.armexidx.*)
                0x08006714                __exidx_end = .
                0x08006714                . = ALIGN (0x4)
                0x08006714                _etext = .
                0x08006714                __etext = .

.data_CCMRAM    0x10000000        0x0 load address 0x08006714
 FILL mask 0xff
 *(.data.CCMRAM .data.CCMRAM.*)
                0x10000000                . = ALIGN (0x4)
                0x08006714                _sidata = LOADADDR (.data)

.data           0x20000000      0x1dc load address 0x08006714
 FILL mask 0xff
                0x20000000                _sdata = .
                0x20000000                __data_start__ = .
 *(.data_begin .data_begin.*)
 .data_begin    0x20000000        0x4 ./system/src/newlib/_startup.o
 *(.data .data.*)
 .data.argv.4263
                0x20000004        0x8 ./system/src/newlib/_syscalls.o
 .data.SystemCoreClock
                0x2000000c        0x4 ./system/src/cmsis/system_stm32l4xx.o
                0x2000000c                SystemCoreClock
 .data.USBD_Interface_fops_FS
                0x20000010       0x10 ./src/usbd_cdc_if.o
                0x20000010                USBD_Interface_fops_FS
 .data.FS_Desc  0x20000020       0x20 ./src/usbd_desc.o
                0x20000020                FS_Desc
 .data.USBD_FS_BOSDesc
                0x20000040        0xc ./src/usbd_desc.o
                0x20000040                USBD_FS_BOSDesc
 .data.USBD_FS_DeviceDesc
                0x2000004c       0x12 ./src/usbd_desc.o
                0x2000004c                USBD_FS_DeviceDesc
 *fill*         0x2000005e        0x2 ff
 .data.USBD_LangIDDesc
                0x20000060        0x4 ./src/usbd_desc.o
                0x20000060                USBD_LangIDDesc
 .data.USBD_CDC
                0x20000064       0x38 ./Middlewares/ST/STM32_USB_Device_Library/Class/CDC/Src/usbd_cdc.o
                0x20000064                USBD_CDC
 .data.USBD_CDC_CfgFSDesc
                0x2000009c       0x43 ./Middlewares/ST/STM32_USB_Device_Library/Class/CDC/Src/usbd_cdc.o
                0x2000009c                USBD_CDC_CfgFSDesc
 *fill*         0x200000df        0x1 ff
 .data.USBD_CDC_CfgHSDesc
                0x200000e0       0x43 ./Middlewares/ST/STM32_USB_Device_Library/Class/CDC/Src/usbd_cdc.o
                0x200000e0                USBD_CDC_CfgHSDesc
 *fill*         0x20000123        0x1 ff
 .data.USBD_CDC_DeviceQualifierDesc
                0x20000124        0xa ./Middlewares/ST/STM32_USB_Device_Library/Class/CDC/Src/usbd_cdc.o
 *fill*         0x2000012e        0x2 ff
 .data.USBD_CDC_OtherSpeedCfgDesc
                0x20000130       0x43 ./Middlewares/ST/STM32_USB_Device_Library/Class/CDC/Src/usbd_cdc.o
                0x20000130                USBD_CDC_OtherSpeedCfgDesc
 *fill*         0x20000173        0x1 ff
 .data._impure_ptr
                0x20000174        0x4 c:/program files (x86)/gnu tools arm embedded/6 2017-q2-update/bin/../lib/gcc/arm-none-eabi/6.3.1/../../../../arm-none-eabi/lib/thumb/v7e-m\libg_nano.a(lib_a-impure.o)
                0x20000174                _impure_ptr
 .data.impure_data
                0x20000178       0x60 c:/program files (x86)/gnu tools arm embedded/6 2017-q2-update/bin/../lib/gcc/arm-none-eabi/6.3.1/../../../../arm-none-eabi/lib/thumb/v7e-m\libg_nano.a(lib_a-impure.o)
 *(.data_end .data_end.*)
 .data_end      0x200001d8        0x4 ./system/src/newlib/_startup.o
                0x200001dc                . = ALIGN (0x4)
                0x200001dc                _edata = .
                0x200001dc                __data_end__ = .

.igot.plt       0x200001dc        0x0 load address 0x080068f0
 .igot.plt      0x200001dc        0x0 ./system/src/stm32l4xx/stm32l4xx_hal.o

.bss_CCMRAM     0x10000000        0x0
 *(.bss.CCMRAM .bss.CCMRAM.*)

.bss            0x200001dc      0xd78
                0x200001dc                __bss_start__ = .
                0x200001dc                _sbss = .
 *(.bss_begin .bss_begin.*)
 .bss_begin     0x200001dc        0x4 ./system/src/newlib/_startup.o
 *(.bss .bss.*)
 .bss.current_heap_end.3947
                0x200001e0        0x4 ./system/src/newlib/_sbrk.o
 .bss.name.4262
                0x200001e4        0x1 ./system/src/newlib/_syscalls.o
 *fill*         0x200001e5        0x3 
 .bss.buf.5152  0x200001e8       0x80 ./system/src/diag/Trace.o
 .bss._ZN7cmdc0de3RGB3REDE
                0x20000268        0x3 ./src/libstm32/leds/ws2812.o
                0x20000268                cmdc0de::RGB::RED
 *fill*         0x2000026b        0x1 
 .bss._ZN7cmdc0de3RGB4BLUEE
                0x2000026c        0x3 ./src/libstm32/leds/ws2812.o
                0x2000026c                cmdc0de::RGB::BLUE
 *fill*         0x2000026f        0x1 
 .bss._ZN7cmdc0de3RGB5BLACKE
                0x20000270        0x3 ./src/libstm32/leds/ws2812.o
                0x20000270                cmdc0de::RGB::BLACK
 *fill*         0x20000273        0x1 
 .bss._ZN7cmdc0de3RGB5GREENE
                0x20000274        0x3 ./src/libstm32/leds/ws2812.o
                0x20000274                cmdc0de::RGB::GREEN
 *fill*         0x20000277        0x1 
 .bss._ZN7cmdc0de3RGB5WHITEE
                0x20000278        0x3 ./src/libstm32/leds/ws2812.o
                0x20000278                cmdc0de::RGB::WHITE
 *fill*         0x2000027b        0x1 
 .bss._ZN7cmdc0de8RGBColor3REDE
                0x2000027c        0x3 ./src/libstm32/display/display_device.o
                0x2000027c                cmdc0de::RGBColor::RED
 *fill*         0x2000027f        0x1 
 .bss._ZN7cmdc0de8RGBColor4BLUEE
                0x20000280        0x3 ./src/libstm32/display/display_device.o
                0x20000280                cmdc0de::RGBColor::BLUE
 *fill*         0x20000283        0x1 
 .bss._ZN7cmdc0de8RGBColor5BLACKE
                0x20000284        0x3 ./src/libstm32/display/display_device.o
                0x20000284                cmdc0de::RGBColor::BLACK
 *fill*         0x20000287        0x1 
 .bss._ZN7cmdc0de8RGBColor5GREENE
                0x20000288        0x3 ./src/libstm32/display/display_device.o
                0x20000288                cmdc0de::RGBColor::GREEN
 *fill*         0x2000028b        0x1 
 .bss._ZN7cmdc0de8RGBColor5WHITEE
                0x2000028c        0x3 ./src/libstm32/display/display_device.o
                0x2000028c                cmdc0de::RGBColor::WHITE
 *fill*         0x2000028f        0x1 
 .bss.mem.8668  0x20000290      0x220 ./src/usbd_conf.o
 .bss.cfgidx.8501
                0x200004b0        0x1 ./Middlewares/ST/STM32_USB_Device_Library/Core/Src/usbd_ctlreq.o
 .bss.ifalt.8495
                0x200004b1        0x1 ./Middlewares/ST/STM32_USB_Device_Library/Class/CDC/Src/usbd_cdc.o
 *fill*         0x200004b2        0x2 
 .bss.__malloc_free_list
                0x200004b4        0x4 c:/program files (x86)/gnu tools arm embedded/6 2017-q2-update/bin/../lib/gcc/arm-none-eabi/6.3.1/../../../../arm-none-eabi/lib/thumb/v7e-m\libg_nano.a(lib_a-nano-mallocr.o)
                0x200004b4                __malloc_free_list
 .bss.__malloc_sbrk_start
                0x200004b8        0x4 c:/program files (x86)/gnu tools arm embedded/6 2017-q2-update/bin/../lib/gcc/arm-none-eabi/6.3.1/../../../../arm-none-eabi/lib/thumb/v7e-m\libg_nano.a(lib_a-nano-mallocr.o)
                0x200004b8                __malloc_sbrk_start
 *(COMMON)
 COMMON         0x200004bc        0x4 ./system/src/stm32l4xx/stm32l4xx_hal.o
                0x200004bc                uwTick
 COMMON         0x200004c0        0x4 ./system/src/newlib/_syscalls.o
                0x200004c0                errno
 COMMON         0x200004c4       0xdc ./src/i2c.o
                0x200004c4                hdma_i2c1_tx
                0x2000050c                hi2c1
                0x20000558                hdma_i2c1_rx
 COMMON         0x200005a0       0xc8 ./src/spi.o
                0x200005a0                hspi2
                0x20000604                hspi1
 COMMON         0x20000668       0x40 ./src/tsc.o
                0x20000668                htsc
 COMMON         0x200006a8       0x48 ./src/usart.o
                0x200006a8                husart1
 COMMON         0x200006f0      0x224 ./src/usb_device.o
                0x200006f0                hUsbDeviceFS
 COMMON         0x20000914        0x8 ./src/usbd_cdc_if.o
                0x20000914                UserRxBufferFS
                0x20000918                UserTxBufferFS
 COMMON         0x2000091c      0x434 ./src/usbd_conf.o
                0x2000091c                hpcd_USB_FS
 COMMON         0x20000d50      0x200 ./src/usbd_desc.o
                0x20000d50                USBD_StrDesc
 *(.bss_end .bss_end.*)
 .bss_end       0x20000f50        0x4 ./system/src/newlib/_startup.o
                0x20000f54                . = ALIGN (0x4)
                0x20000f54                __bss_end__ = .
                0x20000f54                _ebss = .

.noinit_CCMRAM
 *(.noinit.CCMRAM .noinit.CCMRAM.*)

.noinit         0x20000f54        0x0
                0x20000f54                _noinit = .
 *(.noinit .noinit.*)
                0x20000f54                . = ALIGN (0x4)
                0x20000f54                _end_noinit = .
                [!provide]                PROVIDE (end, _end_noinit)
                [!provide]                PROVIDE (_end, _end_noinit)
                [!provide]                PROVIDE (__end, _end_noinit)
                [!provide]                PROVIDE (__end__, _end_noinit)

._check_stack   0x20000f54      0x100
                0x20001054                . = (. + _Minimum_Stack_Size)
 *fill*         0x20000f54      0x100 

.b1text
 *(.b1text)
 *(.b1rodata)
 *(.b1rodata.*)

.eb0text
 *(.eb0text)
 *(.eb0rodata)
 *(.eb0rodata.*)

.eb1text
 *(.eb1text)
 *(.eb1rodata)
 *(.eb1rodata.*)

.eb2text
 *(.eb2text)
 *(.eb2rodata)
 *(.eb2rodata.*)

.eb3text
 *(.eb3text)
 *(.eb3rodata)
 *(.eb3rodata.*)

.stab
 *(.stab)

.stabstr
 *(.stabstr)

.stab.excl
 *(.stab.excl)

.stab.exclstr
 *(.stab.exclstr)

.stab.index
 *(.stab.index)

.stab.indexstr
 *(.stab.indexstr)

.comment        0x00000000       0x7f
 *(.comment)
 .comment       0x00000000       0x7f ./system/src/stm32l4xx/stm32l4xx_hal.o
                                 0x80 (size before relaxing)
 .comment       0x0000007f       0x80 ./system/src/stm32l4xx/stm32l4xx_hal_cortex.o
 .comment       0x0000007f       0x80 ./system/src/stm32l4xx/stm32l4xx_hal_dma.o
 .comment       0x0000007f       0x80 ./system/src/stm32l4xx/stm32l4xx_hal_gpio.o
 .comment       0x0000007f       0x80 ./system/src/stm32l4xx/stm32l4xx_hal_i2c.o
 .comment       0x0000007f       0x80 ./system/src/stm32l4xx/stm32l4xx_hal_i2c_ex.o
 .comment       0x0000007f       0x80 ./system/src/stm32l4xx/stm32l4xx_hal_pcd.o
 .comment       0x0000007f       0x80 ./system/src/stm32l4xx/stm32l4xx_hal_pcd_ex.o
 .comment       0x0000007f       0x80 ./system/src/stm32l4xx/stm32l4xx_hal_pwr_ex.o
 .comment       0x0000007f       0x80 ./system/src/stm32l4xx/stm32l4xx_hal_rcc.o
 .comment       0x0000007f       0x80 ./system/src/stm32l4xx/stm32l4xx_hal_rcc_ex.o
 .comment       0x0000007f       0x80 ./system/src/stm32l4xx/stm32l4xx_hal_spi.o
 .comment       0x0000007f       0x80 ./system/src/stm32l4xx/stm32l4xx_hal_tsc.o
 .comment       0x0000007f       0x80 ./system/src/stm32l4xx/stm32l4xx_hal_usart.o
 .comment       0x0000007f       0x80 ./system/src/stm32l4xx/stm32l4xx_ll_usb.o
 .comment       0x0000007f       0x80 ./system/src/newlib/_exit.o
 .comment       0x0000007f       0x80 ./system/src/newlib/_sbrk.o
 .comment       0x0000007f       0x80 ./system/src/newlib/_startup.o
 .comment       0x0000007f       0x80 ./system/src/newlib/_syscalls.o
 .comment       0x0000007f       0x80 ./system/src/diag/Trace.o
 .comment       0x0000007f       0x80 ./system/src/diag/trace_impl.o
 .comment       0x0000007f       0x80 ./system/src/cortexm/_initialize_hardware.o
 .comment       0x0000007f       0x80 ./system/src/cortexm/exception_handlers.o
 .comment       0x0000007f       0x80 ./system/src/cmsis/system_stm32l4xx.o
 .comment       0x0000007f       0x80 ./src/libstm32/leds/ws2812.o
 .comment       0x0000007f       0x80 ./src/libstm32/display/display_device.o
 .comment       0x0000007f       0x80 ./src/dma.o
 .comment       0x0000007f       0x80 ./src/gpio.o
 .comment       0x0000007f       0x80 ./src/i2c.o
 .comment       0x0000007f       0x80 ./src/main.o
 .comment       0x0000007f       0x80 ./src/spi.o
 .comment       0x0000007f       0x80 ./src/stm32l4xx_hal_msp.o
 .comment       0x0000007f       0x80 ./src/stm32l4xx_it.o
 .comment       0x0000007f       0x80 ./src/tsc.o
 .comment       0x0000007f       0x80 ./src/usart.o
 .comment       0x0000007f       0x80 ./src/usb_device.o
 .comment       0x0000007f       0x80 ./src/usbd_cdc_if.o
 .comment       0x0000007f       0x80 ./src/usbd_conf.o
 .comment       0x0000007f       0x80 ./src/usbd_desc.o
 .comment       0x0000007f       0x80 ./Middlewares/ST/STM32_USB_Device_Library/Core/Src/usbd_core.o
 .comment       0x0000007f       0x80 ./Middlewares/ST/STM32_USB_Device_Library/Core/Src/usbd_ctlreq.o
 .comment       0x0000007f       0x80 ./Middlewares/ST/STM32_USB_Device_Library/Core/Src/usbd_ioreq.o
 .comment       0x0000007f       0x80 ./Middlewares/ST/STM32_USB_Device_Library/Class/CDC/Src/usbd_cdc.o

.ARM.attributes
                0x00000000       0x31
 .ARM.attributes
                0x00000000       0x33 ./system/src/stm32l4xx/stm32l4xx_hal.o
 .ARM.attributes
                0x00000033       0x33 ./system/src/stm32l4xx/stm32l4xx_hal_cortex.o
 .ARM.attributes
                0x00000066       0x33 ./system/src/stm32l4xx/stm32l4xx_hal_dma.o
 .ARM.attributes
                0x00000099       0x33 ./system/src/stm32l4xx/stm32l4xx_hal_gpio.o
 .ARM.attributes
                0x000000cc       0x33 ./system/src/stm32l4xx/stm32l4xx_hal_i2c.o
 .ARM.attributes
                0x000000ff       0x33 ./system/src/stm32l4xx/stm32l4xx_hal_i2c_ex.o
 .ARM.attributes
                0x00000132       0x33 ./system/src/stm32l4xx/stm32l4xx_hal_pcd.o
 .ARM.attributes
                0x00000165       0x33 ./system/src/stm32l4xx/stm32l4xx_hal_pcd_ex.o
 .ARM.attributes
                0x00000198       0x33 ./system/src/stm32l4xx/stm32l4xx_hal_pwr_ex.o
 .ARM.attributes
                0x000001cb       0x33 ./system/src/stm32l4xx/stm32l4xx_hal_rcc.o
 .ARM.attributes
                0x000001fe       0x33 ./system/src/stm32l4xx/stm32l4xx_hal_rcc_ex.o
 .ARM.attributes
                0x00000231       0x33 ./system/src/stm32l4xx/stm32l4xx_hal_spi.o
 .ARM.attributes
                0x00000264       0x33 ./system/src/stm32l4xx/stm32l4xx_hal_tsc.o
 .ARM.attributes
                0x00000297       0x33 ./system/src/stm32l4xx/stm32l4xx_hal_usart.o
 .ARM.attributes
                0x000002ca       0x33 ./system/src/stm32l4xx/stm32l4xx_ll_usb.o
 .ARM.attributes
                0x000002fd       0x33 ./system/src/newlib/_exit.o
 .ARM.attributes
                0x00000330       0x33 ./system/src/newlib/_sbrk.o
 .ARM.attributes
                0x00000363       0x33 ./system/src/newlib/_startup.o
 .ARM.attributes
                0x00000396       0x33 ./system/src/newlib/_syscalls.o
 .ARM.attributes
                0x000003c9       0x33 ./system/src/diag/Trace.o
 .ARM.attributes
                0x000003fc       0x33 ./system/src/diag/trace_impl.o
 .ARM.attributes
                0x0000042f       0x33 ./system/src/cortexm/_initialize_hardware.o
 .ARM.attributes
                0x00000462       0x33 ./system/src/cortexm/exception_handlers.o
 .ARM.attributes
                0x00000495       0x21 ./system/src/cmsis/startup_stm32l452xx.o
 .ARM.attributes
                0x000004b6       0x33 ./system/src/cmsis/system_stm32l4xx.o
 .ARM.attributes
                0x000004e9       0x33 ./src/libstm32/leds/ws2812.o
 .ARM.attributes
                0x0000051c       0x33 ./src/libstm32/display/display_device.o
 .ARM.attributes
                0x0000054f       0x33 ./src/dma.o
 .ARM.attributes
                0x00000582       0x33 ./src/gpio.o
 .ARM.attributes
                0x000005b5       0x33 ./src/i2c.o
 .ARM.attributes
                0x000005e8       0x33 ./src/main.o
 .ARM.attributes
                0x0000061b       0x33 ./src/spi.o
 .ARM.attributes
                0x0000064e       0x33 ./src/stm32l4xx_hal_msp.o
 .ARM.attributes
                0x00000681       0x33 ./src/stm32l4xx_it.o
 .ARM.attributes
                0x000006b4       0x33 ./src/tsc.o
 .ARM.attributes
                0x000006e7       0x33 ./src/usart.o
 .ARM.attributes
                0x0000071a       0x33 ./src/usb_device.o
 .ARM.attributes
                0x0000074d       0x33 ./src/usbd_cdc_if.o
 .ARM.attributes
                0x00000780       0x33 ./src/usbd_conf.o
 .ARM.attributes
                0x000007b3       0x33 ./src/usbd_desc.o
 .ARM.attributes
                0x000007e6       0x33 ./Middlewares/ST/STM32_USB_Device_Library/Core/Src/usbd_core.o
 .ARM.attributes
                0x00000819       0x33 ./Middlewares/ST/STM32_USB_Device_Library/Core/Src/usbd_ctlreq.o
 .ARM.attributes
                0x0000084c       0x33 ./Middlewares/ST/STM32_USB_Device_Library/Core/Src/usbd_ioreq.o
 .ARM.attributes
                0x0000087f       0x33 ./Middlewares/ST/STM32_USB_Device_Library/Class/CDC/Src/usbd_cdc.o
 .ARM.attributes
                0x000008b2       0x2e c:/program files (x86)/gnu tools arm embedded/6 2017-q2-update/bin/../lib/gcc/arm-none-eabi/6.3.1/../../../../arm-none-eabi/lib/thumb/v7e-m\libg_nano.a(lib_a-errno.o)
 .ARM.attributes
                0x000008e0       0x2e c:/program files (x86)/gnu tools arm embedded/6 2017-q2-update/bin/../lib/gcc/arm-none-eabi/6.3.1/../../../../arm-none-eabi/lib/thumb/v7e-m\libg_nano.a(lib_a-impure.o)
 .ARM.attributes
                0x0000090e       0x2e c:/program files (x86)/gnu tools arm embedded/6 2017-q2-update/bin/../lib/gcc/arm-none-eabi/6.3.1/../../../../arm-none-eabi/lib/thumb/v7e-m\libg_nano.a(lib_a-memcpy-stub.o)
 .ARM.attributes
                0x0000093c       0x2e c:/program files (x86)/gnu tools arm embedded/6 2017-q2-update/bin/../lib/gcc/arm-none-eabi/6.3.1/../../../../arm-none-eabi/lib/thumb/v7e-m\libg_nano.a(lib_a-nano-freer.o)
 .ARM.attributes
                0x0000096a       0x2e c:/program files (x86)/gnu tools arm embedded/6 2017-q2-update/bin/../lib/gcc/arm-none-eabi/6.3.1/../../../../arm-none-eabi/lib/thumb/v7e-m\libg_nano.a(lib_a-nano-mallocr.o)
 .ARM.attributes
                0x00000998       0x2e c:/program files (x86)/gnu tools arm embedded/6 2017-q2-update/bin/../lib/gcc/arm-none-eabi/6.3.1/../../../../arm-none-eabi/lib/thumb/v7e-m\libg_nano.a(lib_a-sbrkr.o)
 .ARM.attributes
                0x000009c6       0x2e c:/program files (x86)/gnu tools arm embedded/6 2017-q2-update/bin/../lib/gcc/arm-none-eabi/6.3.1/../../../../arm-none-eabi/lib/thumb/v7e-m\libg_nano.a(lib_a-vsnprintf.o)
 .ARM.attributes
                0x000009f4       0x2e c:/program files (x86)/gnu tools arm embedded/6 2017-q2-update/bin/../lib/gcc/arm-none-eabi/6.3.1/../../../../arm-none-eabi/lib/thumb/v7e-m\libg_nano.a(lib_a-mlock.o)
 .ARM.attributes
                0x00000a22       0x2e c:/program files (x86)/gnu tools arm embedded/6 2017-q2-update/bin/../lib/gcc/arm-none-eabi/6.3.1/../../../../arm-none-eabi/lib/thumb/v7e-m\libg_nano.a(lib_a-nano-svfprintf.o)
 .ARM.attributes
                0x00000a50       0x2e c:/program files (x86)/gnu tools arm embedded/6 2017-q2-update/bin/../lib/gcc/arm-none-eabi/6.3.1/../../../../arm-none-eabi/lib/thumb/v7e-m\libg_nano.a(lib_a-nano-vfprintf_i.o)
 .ARM.attributes
                0x00000a7e       0x1c c:/program files (x86)/gnu tools arm embedded/6 2017-q2-update/bin/../lib/gcc/arm-none-eabi/6.3.1/../../../../arm-none-eabi/lib/thumb/v7e-m\libg_nano.a(lib_a-memchr.o)
 .ARM.attributes
                0x00000a9a       0x2e c:/program files (x86)/gnu tools arm embedded/6 2017-q2-update/bin/../lib/gcc/arm-none-eabi/6.3.1/../../../../arm-none-eabi/lib/thumb/v7e-m\libg_nano.a(lib_a-memmove.o)
 .ARM.attributes
                0x00000ac8       0x2e c:/program files (x86)/gnu tools arm embedded/6 2017-q2-update/bin/../lib/gcc/arm-none-eabi/6.3.1/../../../../arm-none-eabi/lib/thumb/v7e-m\libg_nano.a(lib_a-nano-reallocr.o)
 .ARM.attributes
                0x00000af6       0x2e c:/program files (x86)/gnu tools arm embedded/6 2017-q2-update/bin/../lib/gcc/arm-none-eabi/6.3.1/../../../../arm-none-eabi/lib/thumb/v7e-m\libg_nano.a(lib_a-nano-msizer.o)

.debug
 *(.debug)

.line
 *(.line)

.debug_srcinfo
 *(.debug_srcinfo)

.debug_sfnames
 *(.debug_sfnames)

.debug_aranges  0x00000000     0x18b8
 *(.debug_aranges)
 .debug_aranges
                0x00000000      0x118 ./system/src/stm32l4xx/stm32l4xx_hal.o
 .debug_aranges
                0x00000118       0x98 ./system/src/stm32l4xx/stm32l4xx_hal_cortex.o
 .debug_aranges
                0x000001b0       0x80 ./system/src/stm32l4xx/stm32l4xx_hal_dma.o
 .debug_aranges
                0x00000230       0x58 ./system/src/stm32l4xx/stm32l4xx_hal_gpio.o
 .debug_aranges
                0x00000288      0x260 ./system/src/stm32l4xx/stm32l4xx_hal_i2c.o
 .debug_aranges
                0x000004e8       0x48 ./system/src/stm32l4xx/stm32l4xx_hal_i2c_ex.o
 .debug_aranges
                0x00000530      0x120 ./system/src/stm32l4xx/stm32l4xx_hal_pcd.o
 .debug_aranges
                0x00000650       0x58 ./system/src/stm32l4xx/stm32l4xx_hal_pcd_ex.o
 .debug_aranges
                0x000006a8      0x120 ./system/src/stm32l4xx/stm32l4xx_hal_pwr_ex.o
 .debug_aranges
                0x000007c8       0x88 ./system/src/stm32l4xx/stm32l4xx_hal_rcc.o
 .debug_aranges
                0x00000850       0xe8 ./system/src/stm32l4xx/stm32l4xx_hal_rcc_ex.o
 .debug_aranges
                0x00000938      0x1d8 ./system/src/stm32l4xx/stm32l4xx_hal_spi.o
 .debug_aranges
                0x00000b10       0xa8 ./system/src/stm32l4xx/stm32l4xx_hal_tsc.o
 .debug_aranges
                0x00000bb8      0x178 ./system/src/stm32l4xx/stm32l4xx_hal_usart.o
 .debug_aranges
                0x00000d30      0x100 ./system/src/stm32l4xx/stm32l4xx_ll_usb.o
 .debug_aranges
                0x00000e30       0x28 ./system/src/newlib/_exit.o
 .debug_aranges
                0x00000e58       0x20 ./system/src/newlib/_sbrk.o
 .debug_aranges
                0x00000e78       0x40 ./system/src/newlib/_startup.o
 .debug_aranges
                0x00000eb8       0x30 ./system/src/newlib/_syscalls.o
 .debug_aranges
                0x00000ee8       0x38 ./system/src/diag/Trace.o
 .debug_aranges
                0x00000f20       0x30 ./system/src/diag/trace_impl.o
 .debug_aranges
                0x00000f50       0x28 ./system/src/cortexm/_initialize_hardware.o
 .debug_aranges
                0x00000f78       0x90 ./system/src/cortexm/exception_handlers.o
 .debug_aranges
                0x00001008       0x28 ./system/src/cmsis/startup_stm32l452xx.o
 .debug_aranges
                0x00001030       0x28 ./system/src/cmsis/system_stm32l4xx.o
 .debug_aranges
                0x00001058       0x90 ./src/libstm32/leds/ws2812.o
 .debug_aranges
                0x000010e8      0x230 ./src/libstm32/display/display_device.o
 .debug_aranges
                0x00001318       0x20 ./src/dma.o
 .debug_aranges
                0x00001338       0x20 ./src/gpio.o
 .debug_aranges
                0x00001358       0x30 ./src/i2c.o
 .debug_aranges
                0x00001388       0x38 ./src/main.o
 .debug_aranges
                0x000013c0       0x38 ./src/spi.o
 .debug_aranges
                0x000013f8       0x20 ./src/stm32l4xx_hal_msp.o
 .debug_aranges
                0x00001418       0x38 ./src/stm32l4xx_it.o
 .debug_aranges
                0x00001450       0x30 ./src/tsc.o
 .debug_aranges
                0x00001480       0x30 ./src/usart.o
 .debug_aranges
                0x000014b0       0x28 ./src/usb_device.o
 .debug_aranges
                0x000014d8       0x40 ./src/usbd_cdc_if.o
 .debug_aranges
                0x00001518      0x128 ./src/usbd_conf.o
 .debug_aranges
                0x00001640       0x58 ./src/usbd_desc.o
 .debug_aranges
                0x00001698       0xb8 ./Middlewares/ST/STM32_USB_Device_Library/Core/Src/usbd_core.o
 .debug_aranges
                0x00001750       0x88 ./Middlewares/ST/STM32_USB_Device_Library/Core/Src/usbd_ctlreq.o
 .debug_aranges
                0x000017d8       0x50 ./Middlewares/ST/STM32_USB_Device_Library/Core/Src/usbd_ioreq.o
 .debug_aranges
                0x00001828       0x90 ./Middlewares/ST/STM32_USB_Device_Library/Class/CDC/Src/usbd_cdc.o

.debug_pubnames
 *(.debug_pubnames)

.debug_info     0x00000000    0x3b7cc
 *(.debug_info .gnu.linkonce.wi.*)
 .debug_info    0x00000000     0x13e1 ./system/src/stm32l4xx/stm32l4xx_hal.o
 .debug_info    0x000013e1     0x18b2 ./system/src/stm32l4xx/stm32l4xx_hal_cortex.o
 .debug_info    0x00002c93     0x11d9 ./system/src/stm32l4xx/stm32l4xx_hal_dma.o
 .debug_info    0x00003e6c     0x1238 ./system/src/stm32l4xx/stm32l4xx_hal_gpio.o
 .debug_info    0x000050a4     0x3c53 ./system/src/stm32l4xx/stm32l4xx_hal_i2c.o
 .debug_info    0x00008cf7     0x132e ./system/src/stm32l4xx/stm32l4xx_hal_i2c_ex.o
 .debug_info    0x0000a025     0x1b49 ./system/src/stm32l4xx/stm32l4xx_hal_pcd.o
 .debug_info    0x0000bb6e     0x1199 ./system/src/stm32l4xx/stm32l4xx_hal_pcd_ex.o
 .debug_info    0x0000cd07     0x13ee ./system/src/stm32l4xx/stm32l4xx_hal_pwr_ex.o
 .debug_info    0x0000e0f5     0x1907 ./system/src/stm32l4xx/stm32l4xx_hal_rcc.o
 .debug_info    0x0000f9fc     0x1e3b ./system/src/stm32l4xx/stm32l4xx_hal_rcc_ex.o
 .debug_info    0x00011837     0x286b ./system/src/stm32l4xx/stm32l4xx_hal_spi.o
 .debug_info    0x000140a2     0x130d ./system/src/stm32l4xx/stm32l4xx_hal_tsc.o
 .debug_info    0x000153af     0x21a1 ./system/src/stm32l4xx/stm32l4xx_hal_usart.o
 .debug_info    0x00017550     0x1740 ./system/src/stm32l4xx/stm32l4xx_ll_usb.o
 .debug_info    0x00018c90      0x95d ./system/src/newlib/_exit.o
 .debug_info    0x000195ed      0x949 ./system/src/newlib/_sbrk.o
 .debug_info    0x00019f36      0x4ca ./system/src/newlib/_startup.o
 .debug_info    0x0001a400      0xa20 ./system/src/newlib/_syscalls.o
 .debug_info    0x0001ae20      0xb31 ./system/src/diag/Trace.o
 .debug_info    0x0001b951      0xbea ./system/src/diag/trace_impl.o
 .debug_info    0x0001c53b      0xb4f ./system/src/cortexm/_initialize_hardware.o
 .debug_info    0x0001d08a     0x11ca ./system/src/cortexm/exception_handlers.o
 .debug_info    0x0001e254       0x7f ./system/src/cmsis/startup_stm32l452xx.o
 .debug_info    0x0001e2d3      0xde2 ./system/src/cmsis/system_stm32l4xx.o
 .debug_info    0x0001f0b5     0x21c1 ./src/libstm32/leds/ws2812.o
 .debug_info    0x00021276     0x5498 ./src/libstm32/display/display_device.o
 .debug_info    0x0002670e      0xdf0 ./src/dma.o
 .debug_info    0x000274fe      0xed6 ./src/gpio.o
 .debug_info    0x000283d4     0x13fe ./src/i2c.o
 .debug_info    0x000297d2     0x20cf ./src/main.o
 .debug_info    0x0002b8a1     0x1357 ./src/spi.o
 .debug_info    0x0002cbf8      0xe91 ./src/stm32l4xx_hal_msp.o
 .debug_info    0x0002da89     0x10b0 ./src/stm32l4xx_it.o
 .debug_info    0x0002eb39     0x103f ./src/tsc.o
 .debug_info    0x0002fb78     0x1285 ./src/usart.o
 .debug_info    0x00030dfd     0x1434 ./src/usb_device.o
 .debug_info    0x00032231     0x10de ./src/usbd_cdc_if.o
 .debug_info    0x0003330f     0x25a6 ./src/usbd_conf.o
 .debug_info    0x000358b5      0xdea ./src/usbd_desc.o
 .debug_info    0x0003669f     0x14c1 ./Middlewares/ST/STM32_USB_Device_Library/Core/Src/usbd_core.o
 .debug_info    0x00037b60     0x16a7 ./Middlewares/ST/STM32_USB_Device_Library/Core/Src/usbd_ctlreq.o
 .debug_info    0x00039207     0x100a ./Middlewares/ST/STM32_USB_Device_Library/Core/Src/usbd_ioreq.o
 .debug_info    0x0003a211     0x15bb ./Middlewares/ST/STM32_USB_Device_Library/Class/CDC/Src/usbd_cdc.o

.debug_abbrev   0x00000000     0x78a5
 *(.debug_abbrev)
 .debug_abbrev  0x00000000      0x2ec ./system/src/stm32l4xx/stm32l4xx_hal.o
 .debug_abbrev  0x000002ec      0x3b3 ./system/src/stm32l4xx/stm32l4xx_hal_cortex.o
 .debug_abbrev  0x0000069f      0x2e1 ./system/src/stm32l4xx/stm32l4xx_hal_dma.o
 .debug_abbrev  0x00000980      0x2dc ./system/src/stm32l4xx/stm32l4xx_hal_gpio.o
 .debug_abbrev  0x00000c5c      0x2dd ./system/src/stm32l4xx/stm32l4xx_hal_i2c.o
 .debug_abbrev  0x00000f39      0x272 ./system/src/stm32l4xx/stm32l4xx_hal_i2c_ex.o
 .debug_abbrev  0x000011ab      0x32c ./system/src/stm32l4xx/stm32l4xx_hal_pcd.o
 .debug_abbrev  0x000014d7      0x28e ./system/src/stm32l4xx/stm32l4xx_hal_pcd_ex.o
 .debug_abbrev  0x00001765      0x319 ./system/src/stm32l4xx/stm32l4xx_hal_pwr_ex.o
 .debug_abbrev  0x00001a7e      0x2f9 ./system/src/stm32l4xx/stm32l4xx_hal_rcc.o
 .debug_abbrev  0x00001d77      0x30a ./system/src/stm32l4xx/stm32l4xx_hal_rcc_ex.o
 .debug_abbrev  0x00002081      0x2df ./system/src/stm32l4xx/stm32l4xx_hal_spi.o
 .debug_abbrev  0x00002360      0x2c0 ./system/src/stm32l4xx/stm32l4xx_hal_tsc.o
 .debug_abbrev  0x00002620      0x301 ./system/src/stm32l4xx/stm32l4xx_hal_usart.o
 .debug_abbrev  0x00002921      0x2df ./system/src/stm32l4xx/stm32l4xx_ll_usb.o
 .debug_abbrev  0x00002c00      0x1f3 ./system/src/newlib/_exit.o
 .debug_abbrev  0x00002df3      0x1fc ./system/src/newlib/_sbrk.o
 .debug_abbrev  0x00002fef      0x1c4 ./system/src/newlib/_startup.o
 .debug_abbrev  0x000031b3      0x234 ./system/src/newlib/_syscalls.o
 .debug_abbrev  0x000033e7      0x276 ./system/src/diag/Trace.o
 .debug_abbrev  0x0000365d      0x2ef ./system/src/diag/trace_impl.o
 .debug_abbrev  0x0000394c      0x1de ./system/src/cortexm/_initialize_hardware.o
 .debug_abbrev  0x00003b2a      0x329 ./system/src/cortexm/exception_handlers.o
 .debug_abbrev  0x00003e53       0x12 ./system/src/cmsis/startup_stm32l452xx.o
 .debug_abbrev  0x00003e65      0x226 ./system/src/cmsis/system_stm32l4xx.o
 .debug_abbrev  0x0000408b      0x57f ./src/libstm32/leds/ws2812.o
 .debug_abbrev  0x0000460a      0x82d ./src/libstm32/display/display_device.o
 .debug_abbrev  0x00004e37      0x232 ./src/dma.o
 .debug_abbrev  0x00005069      0x229 ./src/gpio.o
 .debug_abbrev  0x00005292      0x272 ./src/i2c.o
 .debug_abbrev  0x00005504      0x26e ./src/main.o
 .debug_abbrev  0x00005772      0x256 ./src/spi.o
 .debug_abbrev  0x000059c8      0x232 ./src/stm32l4xx_hal_msp.o
 .debug_abbrev  0x00005bfa      0x203 ./src/stm32l4xx_it.o
 .debug_abbrev  0x00005dfd      0x256 ./src/tsc.o
 .debug_abbrev  0x00006053      0x256 ./src/usart.o
 .debug_abbrev  0x000062a9      0x26a ./src/usb_device.o
 .debug_abbrev  0x00006513      0x2be ./src/usbd_cdc_if.o
 .debug_abbrev  0x000067d1      0x341 ./src/usbd_conf.o
 .debug_abbrev  0x00006b12      0x281 ./src/usbd_desc.o
 .debug_abbrev  0x00006d93      0x2c6 ./Middlewares/ST/STM32_USB_Device_Library/Core/Src/usbd_core.o
 .debug_abbrev  0x00007059      0x327 ./Middlewares/ST/STM32_USB_Device_Library/Core/Src/usbd_ctlreq.o
 .debug_abbrev  0x00007380      0x213 ./Middlewares/ST/STM32_USB_Device_Library/Core/Src/usbd_ioreq.o
 .debug_abbrev  0x00007593      0x312 ./Middlewares/ST/STM32_USB_Device_Library/Class/CDC/Src/usbd_cdc.o

.debug_line     0x00000000    0x18bc4
 *(.debug_line)
 .debug_line    0x00000000      0x911 ./system/src/stm32l4xx/stm32l4xx_hal.o
 .debug_line    0x00000911      0x91d ./system/src/stm32l4xx/stm32l4xx_hal_cortex.o
 .debug_line    0x0000122e      0xa1d ./system/src/stm32l4xx/stm32l4xx_hal_dma.o
 .debug_line    0x00001c4b      0x923 ./system/src/stm32l4xx/stm32l4xx_hal_gpio.o
 .debug_line    0x0000256e     0x1956 ./system/src/stm32l4xx/stm32l4xx_hal_i2c.o
 .debug_line    0x00003ec4      0x892 ./system/src/stm32l4xx/stm32l4xx_hal_i2c_ex.o
 .debug_line    0x00004756      0xb87 ./system/src/stm32l4xx/stm32l4xx_hal_pcd.o
 .debug_line    0x000052dd      0x76f ./system/src/stm32l4xx/stm32l4xx_hal_pcd_ex.o
 .debug_line    0x00005a4c      0xb22 ./system/src/stm32l4xx/stm32l4xx_hal_pwr_ex.o
 .debug_line    0x0000656e      0xbd5 ./system/src/stm32l4xx/stm32l4xx_hal_rcc.o
 .debug_line    0x00007143      0xf19 ./system/src/stm32l4xx/stm32l4xx_hal_rcc_ex.o
 .debug_line    0x0000805c     0x1311 ./system/src/stm32l4xx/stm32l4xx_hal_spi.o
 .debug_line    0x0000936d      0xaff ./system/src/stm32l4xx/stm32l4xx_hal_tsc.o
 .debug_line    0x00009e6c     0x110a ./system/src/stm32l4xx/stm32l4xx_hal_usart.o
 .debug_line    0x0000af76      0xabc ./system/src/stm32l4xx/stm32l4xx_ll_usb.o
 .debug_line    0x0000ba32      0x368 ./system/src/newlib/_exit.o
 .debug_line    0x0000bd9a      0x31c ./system/src/newlib/_sbrk.o
 .debug_line    0x0000c0b6      0x3e4 ./system/src/newlib/_startup.o
 .debug_line    0x0000c49a      0x43a ./system/src/newlib/_syscalls.o
 .debug_line    0x0000c8d4      0x3d6 ./system/src/diag/Trace.o
 .debug_line    0x0000ccaa      0x77d ./system/src/diag/trace_impl.o
 .debug_line    0x0000d427      0x6e5 ./system/src/cortexm/_initialize_hardware.o
 .debug_line    0x0000db0c      0x828 ./system/src/cortexm/exception_handlers.o
 .debug_line    0x0000e334       0x88 ./system/src/cmsis/startup_stm32l452xx.o
 .debug_line    0x0000e3bc      0x6fe ./system/src/cmsis/system_stm32l4xx.o
 .debug_line    0x0000eaba      0xa4b ./src/libstm32/leds/ws2812.o
 .debug_line    0x0000f505      0xfcd ./src/libstm32/display/display_device.o
 .debug_line    0x000104d2      0x6b0 ./src/dma.o
 .debug_line    0x00010b82      0x6e7 ./src/gpio.o
 .debug_line    0x00011269      0x71d ./src/i2c.o
 .debug_line    0x00011986      0x7ef ./src/main.o
 .debug_line    0x00012175      0x733 ./src/spi.o
 .debug_line    0x000128a8      0x6b9 ./src/stm32l4xx_hal_msp.o
 .debug_line    0x00012f61      0x6f0 ./src/stm32l4xx_it.o
 .debug_line    0x00013651      0x6fa ./src/tsc.o
 .debug_line    0x00013d4b      0x6fa ./src/usart.o
 .debug_line    0x00014445      0x80d ./src/usb_device.o
 .debug_line    0x00014c52      0x81c ./src/usbd_cdc_if.o
 .debug_line    0x0001546e      0xa9b ./src/usbd_conf.o
 .debug_line    0x00015f09      0x810 ./src/usbd_desc.o
 .debug_line    0x00016719      0x98a ./Middlewares/ST/STM32_USB_Device_Library/Core/Src/usbd_core.o
 .debug_line    0x000170a3      0x9a1 ./Middlewares/ST/STM32_USB_Device_Library/Core/Src/usbd_ctlreq.o
 .debug_line    0x00017a44      0x815 ./Middlewares/ST/STM32_USB_Device_Library/Core/Src/usbd_ioreq.o
 .debug_line    0x00018259      0x96b ./Middlewares/ST/STM32_USB_Device_Library/Class/CDC/Src/usbd_cdc.o

.debug_frame    0x00000000     0x42d0
 *(.debug_frame)
 .debug_frame   0x00000000      0x254 ./system/src/stm32l4xx/stm32l4xx_hal.o
 .debug_frame   0x00000254      0x15c ./system/src/stm32l4xx/stm32l4xx_hal_cortex.o
 .debug_frame   0x000003b0      0x15c ./system/src/stm32l4xx/stm32l4xx_hal_dma.o
 .debug_frame   0x0000050c       0xfc ./system/src/stm32l4xx/stm32l4xx_hal_gpio.o
 .debug_frame   0x00000608      0x828 ./system/src/stm32l4xx/stm32l4xx_hal_i2c.o
 .debug_frame   0x00000e30       0xb8 ./system/src/stm32l4xx/stm32l4xx_hal_i2c_ex.o
 .debug_frame   0x00000ee8      0x2ec ./system/src/stm32l4xx/stm32l4xx_hal_pcd.o
 .debug_frame   0x000011d4       0x9c ./system/src/stm32l4xx/stm32l4xx_hal_pcd_ex.o
 .debug_frame   0x00001270      0x288 ./system/src/stm32l4xx/stm32l4xx_hal_pwr_ex.o
 .debug_frame   0x000014f8      0x16c ./system/src/stm32l4xx/stm32l4xx_hal_rcc.o
 .debug_frame   0x00001664      0x258 ./system/src/stm32l4xx/stm32l4xx_hal_rcc_ex.o
 .debug_frame   0x000018bc      0x5c4 ./system/src/stm32l4xx/stm32l4xx_hal_spi.o
 .debug_frame   0x00001e80      0x1c4 ./system/src/stm32l4xx/stm32l4xx_hal_tsc.o
 .debug_frame   0x00002044      0x420 ./system/src/stm32l4xx/stm32l4xx_hal_usart.o
 .debug_frame   0x00002464      0x230 ./system/src/stm32l4xx/stm32l4xx_ll_usb.o
 .debug_frame   0x00002694       0x38 ./system/src/newlib/_exit.o
 .debug_frame   0x000026cc       0x28 ./system/src/newlib/_sbrk.o
 .debug_frame   0x000026f4       0x7c ./system/src/newlib/_startup.o
 .debug_frame   0x00002770       0x50 ./system/src/newlib/_syscalls.o
 .debug_frame   0x000027c0       0x94 ./system/src/diag/Trace.o
 .debug_frame   0x00002854       0x64 ./system/src/diag/trace_impl.o
 .debug_frame   0x000028b8       0x40 ./system/src/cortexm/_initialize_hardware.o
 .debug_frame   0x000028f8      0x158 ./system/src/cortexm/exception_handlers.o
 .debug_frame   0x00002a50       0x30 ./system/src/cmsis/system_stm32l4xx.o
 .debug_frame   0x00002a80      0x158 ./src/libstm32/leds/ws2812.o
 .debug_frame   0x00002bd8      0x744 ./src/libstm32/display/display_device.o
 .debug_frame   0x0000331c       0x2c ./src/dma.o
 .debug_frame   0x00003348       0x3c ./src/gpio.o
 .debug_frame   0x00003384       0x64 ./src/i2c.o
 .debug_frame   0x000033e8       0x68 ./src/main.o
 .debug_frame   0x00003450       0x80 ./src/spi.o
 .debug_frame   0x000034d0       0x2c ./src/stm32l4xx_hal_msp.o
 .debug_frame   0x000034fc       0x70 ./src/stm32l4xx_it.o
 .debug_frame   0x0000356c       0x64 ./src/tsc.o
 .debug_frame   0x000035d0       0x64 ./src/usart.o
 .debug_frame   0x00003634       0x4c ./src/usb_device.o
 .debug_frame   0x00003680       0x78 ./src/usbd_cdc_if.o
 .debug_frame   0x000036f8      0x320 ./src/usbd_conf.o
 .debug_frame   0x00003a18       0xb8 ./src/usbd_desc.o
 .debug_frame   0x00003ad0      0x1bc ./Middlewares/ST/STM32_USB_Device_Library/Core/Src/usbd_core.o
 .debug_frame   0x00003c8c      0x178 ./Middlewares/ST/STM32_USB_Device_Library/Core/Src/usbd_ctlreq.o
 .debug_frame   0x00003e04       0xb8 ./Middlewares/ST/STM32_USB_Device_Library/Core/Src/usbd_ioreq.o
 .debug_frame   0x00003ebc      0x14c ./Middlewares/ST/STM32_USB_Device_Library/Class/CDC/Src/usbd_cdc.o
 .debug_frame   0x00004008       0x20 c:/program files (x86)/gnu tools arm embedded/6 2017-q2-update/bin/../lib/gcc/arm-none-eabi/6.3.1/../../../../arm-none-eabi/lib/thumb/v7e-m\libg_nano.a(lib_a-errno.o)
 .debug_frame   0x00004028       0x28 c:/program files (x86)/gnu tools arm embedded/6 2017-q2-update/bin/../lib/gcc/arm-none-eabi/6.3.1/../../../../arm-none-eabi/lib/thumb/v7e-m\libg_nano.a(lib_a-memcpy-stub.o)
 .debug_frame   0x00004050       0x38 c:/program files (x86)/gnu tools arm embedded/6 2017-q2-update/bin/../lib/gcc/arm-none-eabi/6.3.1/../../../../arm-none-eabi/lib/thumb/v7e-m\libg_nano.a(lib_a-nano-freer.o)
 .debug_frame   0x00004088       0x2c c:/program files (x86)/gnu tools arm embedded/6 2017-q2-update/bin/../lib/gcc/arm-none-eabi/6.3.1/../../../../arm-none-eabi/lib/thumb/v7e-m\libg_nano.a(lib_a-nano-mallocr.o)
 .debug_frame   0x000040b4       0x2c c:/program files (x86)/gnu tools arm embedded/6 2017-q2-update/bin/../lib/gcc/arm-none-eabi/6.3.1/../../../../arm-none-eabi/lib/thumb/v7e-m\libg_nano.a(lib_a-sbrkr.o)
 .debug_frame   0x000040e0       0x4c c:/program files (x86)/gnu tools arm embedded/6 2017-q2-update/bin/../lib/gcc/arm-none-eabi/6.3.1/../../../../arm-none-eabi/lib/thumb/v7e-m\libg_nano.a(lib_a-vsnprintf.o)
 .debug_frame   0x0000412c       0x30 c:/program files (x86)/gnu tools arm embedded/6 2017-q2-update/bin/../lib/gcc/arm-none-eabi/6.3.1/../../../../arm-none-eabi/lib/thumb/v7e-m\libg_nano.a(lib_a-mlock.o)
 .debug_frame   0x0000415c       0x90 c:/program files (x86)/gnu tools arm embedded/6 2017-q2-update/bin/../lib/gcc/arm-none-eabi/6.3.1/../../../../arm-none-eabi/lib/thumb/v7e-m\libg_nano.a(lib_a-nano-svfprintf.o)
 .debug_frame   0x000041ec       0x60 c:/program files (x86)/gnu tools arm embedded/6 2017-q2-update/bin/../lib/gcc/arm-none-eabi/6.3.1/../../../../arm-none-eabi/lib/thumb/v7e-m\libg_nano.a(lib_a-nano-vfprintf_i.o)
 .debug_frame   0x0000424c       0x28 c:/program files (x86)/gnu tools arm embedded/6 2017-q2-update/bin/../lib/gcc/arm-none-eabi/6.3.1/../../../../arm-none-eabi/lib/thumb/v7e-m\libg_nano.a(lib_a-memmove.o)
 .debug_frame   0x00004274       0x3c c:/program files (x86)/gnu tools arm embedded/6 2017-q2-update/bin/../lib/gcc/arm-none-eabi/6.3.1/../../../../arm-none-eabi/lib/thumb/v7e-m\libg_nano.a(lib_a-nano-reallocr.o)
 .debug_frame   0x000042b0       0x20 c:/program files (x86)/gnu tools arm embedded/6 2017-q2-update/bin/../lib/gcc/arm-none-eabi/6.3.1/../../../../arm-none-eabi/lib/thumb/v7e-m\libg_nano.a(lib_a-nano-msizer.o)

.debug_str      0x00000000    0xe04ea
 *(.debug_str)
 .debug_str     0x00000000    0xcaf56 ./system/src/stm32l4xx/stm32l4xx_hal.o
                              0xcb4b9 (size before relaxing)
 .debug_str     0x000caf56      0x358 ./system/src/stm32l4xx/stm32l4xx_hal_cortex.o
                              0xcb154 (size before relaxing)
 .debug_str     0x000cb2ae      0x377 ./system/src/stm32l4xx/stm32l4xx_hal_dma.o
                              0xcac62 (size before relaxing)
 .debug_str     0x000cb625      0x2c4 ./system/src/stm32l4xx/stm32l4xx_hal_gpio.o
                              0xcacae (size before relaxing)
 .debug_str     0x000cb8e9      0xf9a ./system/src/stm32l4xx/stm32l4xx_hal_i2c.o
                              0xcba59 (size before relaxing)
 .debug_str     0x000cc883       0xac ./system/src/stm32l4xx/stm32l4xx_hal_i2c_ex.o
                              0xcaf1d (size before relaxing)
 .debug_str     0x000cc92f      0x89c ./system/src/stm32l4xx/stm32l4xx_hal_pcd.o
                              0xcb1c2 (size before relaxing)
 .debug_str     0x000cd1cb      0x172 ./system/src/stm32l4xx/stm32l4xx_hal_pcd_ex.o
                              0xcad82 (size before relaxing)